mode: set
github.com/go-sql-driver/mysql/auth.go:59.63,61.33 2 0
github.com/go-sql-driver/mysql/auth.go:61.33,63.3 1 0
github.com/go-sql-driver/mysql/auth.go:65.2,66.27 2 0
github.com/go-sql-driver/mysql/auth.go:70.42,72.33 2 0
github.com/go-sql-driver/mysql/auth.go:72.33,74.3 1 0
github.com/go-sql-driver/mysql/auth.go:75.2,75.27 1 0
github.com/go-sql-driver/mysql/auth.go:78.59,80.45 2 0
github.com/go-sql-driver/mysql/auth.go:80.45,82.3 1 0
github.com/go-sql-driver/mysql/auth.go:83.2,84.8 2 0
github.com/go-sql-driver/mysql/auth.go:96.43,101.2 1 0
github.com/go-sql-driver/mysql/auth.go:106.33,111.2 3 0
github.com/go-sql-driver/mysql/auth.go:114.49,121.29 5 0
github.com/go-sql-driver/mysql/auth.go:121.29,123.28 1 0
github.com/go-sql-driver/mysql/auth.go:123.28,124.12 1 0
github.com/go-sql-driver/mysql/auth.go:127.3,130.13 4 0
github.com/go-sql-driver/mysql/auth.go:134.2,137.8 3 0
github.com/go-sql-driver/mysql/auth.go:141.67,150.21 6 0
github.com/go-sql-driver/mysql/auth.go:150.21,152.3 1 0
github.com/go-sql-driver/mysql/auth.go:154.2,155.21 2 0
github.com/go-sql-driver/mysql/auth.go:155.21,157.3 1 0
github.com/go-sql-driver/mysql/auth.go:159.2,159.15 1 0
github.com/go-sql-driver/mysql/auth.go:163.64,164.24 1 0
github.com/go-sql-driver/mysql/auth.go:164.24,166.3 1 0
github.com/go-sql-driver/mysql/auth.go:169.2,186.26 11 0
github.com/go-sql-driver/mysql/auth.go:186.26,188.3 1 0
github.com/go-sql-driver/mysql/auth.go:189.2,189.17 1 0
github.com/go-sql-driver/mysql/auth.go:193.70,194.24 1 0
github.com/go-sql-driver/mysql/auth.go:194.24,196.3 1 0
github.com/go-sql-driver/mysql/auth.go:200.2,213.26 11 0
github.com/go-sql-driver/mysql/auth.go:213.26,215.3 1 0
github.com/go-sql-driver/mysql/auth.go:217.2,217.17 1 0
github.com/go-sql-driver/mysql/auth.go:220.88,223.23 3 0
github.com/go-sql-driver/mysql/auth.go:223.23,226.3 2 0
github.com/go-sql-driver/mysql/auth.go:227.2,228.60 2 0
github.com/go-sql-driver/mysql/auth.go:232.68,238.16 3 0
github.com/go-sql-driver/mysql/auth.go:238.16,240.3 1 0
github.com/go-sql-driver/mysql/auth.go:241.2,248.16 7 0
github.com/go-sql-driver/mysql/auth.go:248.16,250.3 1 0
github.com/go-sql-driver/mysql/auth.go:252.2,260.16 8 0
github.com/go-sql-driver/mysql/auth.go:260.16,262.3 1 0
github.com/go-sql-driver/mysql/auth.go:264.2,266.45 2 0
github.com/go-sql-driver/mysql/auth.go:269.83,271.16 2 0
github.com/go-sql-driver/mysql/auth.go:271.16,273.3 1 0
github.com/go-sql-driver/mysql/auth.go:274.2,274.38 1 0
github.com/go-sql-driver/mysql/auth.go:277.75,278.16 1 0
github.com/go-sql-driver/mysql/auth.go:279.31,281.23 2 0
github.com/go-sql-driver/mysql/auth.go:283.28,284.32 1 0
github.com/go-sql-driver/mysql/auth.go:284.32,286.4 1 0
github.com/go-sql-driver/mysql/auth.go:287.3,287.30 1 0
github.com/go-sql-driver/mysql/auth.go:287.30,289.4 1 0
github.com/go-sql-driver/mysql/auth.go:293.3,294.23 2 0
github.com/go-sql-driver/mysql/auth.go:296.30,297.38 1 0
github.com/go-sql-driver/mysql/auth.go:297.38,299.4 1 0
github.com/go-sql-driver/mysql/auth.go:302.3,302.47 1 0
github.com/go-sql-driver/mysql/auth.go:304.31,305.35 1 0
github.com/go-sql-driver/mysql/auth.go:305.35,307.4 1 0
github.com/go-sql-driver/mysql/auth.go:310.3,311.23 2 0
github.com/go-sql-driver/mysql/auth.go:313.25,314.30 1 0
github.com/go-sql-driver/mysql/auth.go:314.30,316.4 1 0
github.com/go-sql-driver/mysql/auth.go:319.3,319.24 1 0
github.com/go-sql-driver/mysql/auth.go:319.24,322.4 1 0
github.com/go-sql-driver/mysql/auth.go:324.3,325.20 2 0
github.com/go-sql-driver/mysql/auth.go:325.20,328.4 1 0
github.com/go-sql-driver/mysql/auth.go:331.3,332.18 2 0
github.com/go-sql-driver/mysql/auth.go:334.24,335.26 1 0
github.com/go-sql-driver/mysql/auth.go:335.26,337.4 1 0
github.com/go-sql-driver/mysql/auth.go:338.3,338.46 1 0
github.com/go-sql-driver/mysql/auth.go:340.10,342.31 2 0
github.com/go-sql-driver/mysql/auth.go:346.80,349.16 2 0
github.com/go-sql-driver/mysql/auth.go:349.16,351.3 1 0
github.com/go-sql-driver/mysql/auth.go:354.2,354.21 1 0
github.com/go-sql-driver/mysql/auth.go:354.21,357.22 1 0
github.com/go-sql-driver/mysql/auth.go:357.22,359.4 1 0
github.com/go-sql-driver/mysql/auth.go:359.9,362.4 1 0
github.com/go-sql-driver/mysql/auth.go:364.3,367.17 3 0
github.com/go-sql-driver/mysql/auth.go:367.17,369.4 1 0
github.com/go-sql-driver/mysql/auth.go:370.3,370.59 1 0
github.com/go-sql-driver/mysql/auth.go:370.59,372.4 1 0
github.com/go-sql-driver/mysql/auth.go:375.3,376.17 2 0
github.com/go-sql-driver/mysql/auth.go:376.17,378.4 1 0
github.com/go-sql-driver/mysql/auth.go:381.3,381.22 1 0
github.com/go-sql-driver/mysql/auth.go:381.22,383.4 1 0
github.com/go-sql-driver/mysql/auth.go:386.2,386.16 1 0
github.com/go-sql-driver/mysql/auth.go:389.31,390.24 1 0
github.com/go-sql-driver/mysql/auth.go:391.10,392.14 1 0
github.com/go-sql-driver/mysql/auth.go:393.10,394.23 1 0
github.com/go-sql-driver/mysql/auth.go:395.44,396.62 1 0
github.com/go-sql-driver/mysql/auth.go:396.62,398.6 1 0
github.com/go-sql-driver/mysql/auth.go:400.54,401.50 1 0
github.com/go-sql-driver/mysql/auth.go:401.50,404.20 2 0
github.com/go-sql-driver/mysql/auth.go:404.20,406.7 1 0
github.com/go-sql-driver/mysql/auth.go:407.11,409.23 2 0
github.com/go-sql-driver/mysql/auth.go:409.23,412.21 2 0
github.com/go-sql-driver/mysql/auth.go:412.21,414.8 1 0
github.com/go-sql-driver/mysql/auth.go:415.7,417.21 3 0
github.com/go-sql-driver/mysql/auth.go:417.21,419.8 1 0
github.com/go-sql-driver/mysql/auth.go:421.7,421.50 1 0
github.com/go-sql-driver/mysql/auth.go:421.50,423.8 1 0
github.com/go-sql-driver/mysql/auth.go:425.7,425.35 1 0
github.com/go-sql-driver/mysql/auth.go:425.35,427.8 1 0
github.com/go-sql-driver/mysql/auth.go:430.7,431.23 2 0
github.com/go-sql-driver/mysql/auth.go:431.23,433.8 1 0
github.com/go-sql-driver/mysql/auth.go:434.7,435.21 2 0
github.com/go-sql-driver/mysql/auth.go:435.21,437.8 1 0
github.com/go-sql-driver/mysql/auth.go:438.7,438.37 1 0
github.com/go-sql-driver/mysql/auth.go:442.6,443.20 2 0
github.com/go-sql-driver/mysql/auth.go:443.20,445.7 1 0
github.com/go-sql-driver/mysql/auth.go:447.5,447.47 1 0
github.com/go-sql-driver/mysql/auth.go:449.12,450.25 1 0
github.com/go-sql-driver/mysql/auth.go:452.11,453.24 1 0
github.com/go-sql-driver/mysql/auth.go:456.25,457.24 1 0
github.com/go-sql-driver/mysql/auth.go:458.10,459.14 1 0
github.com/go-sql-driver/mysql/auth.go:460.11,462.20 2 0
github.com/go-sql-driver/mysql/auth.go:462.20,464.5 1 0
github.com/go-sql-driver/mysql/auth.go:466.4,467.18 2 0
github.com/go-sql-driver/mysql/auth.go:467.18,469.5 1 0
github.com/go-sql-driver/mysql/auth.go:472.4,473.18 2 0
github.com/go-sql-driver/mysql/auth.go:473.18,475.5 1 0
github.com/go-sql-driver/mysql/auth.go:476.4,476.46 1 0
github.com/go-sql-driver/mysql/auth.go:479.10,480.13 1 0
github.com/go-sql-driver/mysql/auth.go:483.2,483.12 1 0
github.com/go-sql-driver/mysql/buffer.go:34.25,38.2 1 0
github.com/go-sql-driver/mysql/buffer.go:41.30,43.2 1 0
github.com/go-sql-driver/mysql/buffer.go:46.28,48.2 1 0
github.com/go-sql-driver/mysql/buffer.go:51.53,56.22 2 0
github.com/go-sql-driver/mysql/buffer.go:56.22,62.36 2 0
github.com/go-sql-driver/mysql/buffer.go:62.36,64.4 1 0
github.com/go-sql-driver/mysql/buffer.go:68.2,71.6 3 0
github.com/go-sql-driver/mysql/buffer.go:71.6,75.29 3 0
github.com/go-sql-driver/mysql/buffer.go:75.29,76.12 1 0
github.com/go-sql-driver/mysql/buffer.go:79.3,81.20 2 0
github.com/go-sql-driver/mysql/buffer.go:81.20,82.16 1 0
github.com/go-sql-driver/mysql/buffer.go:82.16,84.5 1 0
github.com/go-sql-driver/mysql/buffer.go:84.10,86.5 1 0
github.com/go-sql-driver/mysql/buffer.go:88.3,88.13 1 0
github.com/go-sql-driver/mysql/buffer.go:94.44,98.2 3 0
github.com/go-sql-driver/mysql/buffer.go:104.57,105.14 1 0
github.com/go-sql-driver/mysql/buffer.go:105.14,107.3 1 0
github.com/go-sql-driver/mysql/buffer.go:110.2,110.32 1 0
github.com/go-sql-driver/mysql/buffer.go:110.32,112.3 1 0
github.com/go-sql-driver/mysql/buffer.go:114.2,114.31 1 0
github.com/go-sql-driver/mysql/buffer.go:114.31,117.3 2 0
github.com/go-sql-driver/mysql/buffer.go:120.2,120.34 1 0
github.com/go-sql-driver/mysql/buffer.go:126.62,127.14 1 0
github.com/go-sql-driver/mysql/buffer.go:127.14,129.3 1 0
github.com/go-sql-driver/mysql/buffer.go:130.2,130.34 1 0
github.com/go-sql-driver/mysql/buffer.go:137.55,138.14 1 0
github.com/go-sql-driver/mysql/buffer.go:138.14,140.3 1 0
github.com/go-sql-driver/mysql/buffer.go:141.2,141.25 1 0
github.com/go-sql-driver/mysql/buffer.go:145.36,146.65 1 0
github.com/go-sql-driver/mysql/buffer.go:146.65,148.3 1 0
github.com/go-sql-driver/mysql/compress.go:24.13,26.19 1 1
github.com/go-sql-driver/mysql/compress.go:26.19,26.33 1 0
github.com/go-sql-driver/mysql/compress.go:28.2,29.19 1 1
github.com/go-sql-driver/mysql/compress.go:29.19,31.18 2 0
github.com/go-sql-driver/mysql/compress.go:31.18,32.15 1 0
github.com/go-sql-driver/mysql/compress.go:34.4,34.13 1 0
github.com/go-sql-driver/mysql/compress.go:39.62,44.33 4 0
github.com/go-sql-driver/mysql/compress.go:44.33,45.47 1 0
github.com/go-sql-driver/mysql/compress.go:45.47,47.4 1 0
github.com/go-sql-driver/mysql/compress.go:48.8,50.59 2 0
github.com/go-sql-driver/mysql/compress.go:50.59,52.4 1 0
github.com/go-sql-driver/mysql/compress.go:55.2,58.20 4 0
github.com/go-sql-driver/mysql/compress.go:61.49,64.41 3 0
github.com/go-sql-driver/mysql/compress.go:64.41,66.3 1 0
github.com/go-sql-driver/mysql/compress.go:67.2,69.12 3 0
github.com/go-sql-driver/mysql/compress.go:77.39,81.2 1 0
github.com/go-sql-driver/mysql/compress.go:83.26,85.2 1 0
github.com/go-sql-driver/mysql/compress.go:87.53,88.26 1 0
github.com/go-sql-driver/mysql/compress.go:88.26,89.50 1 0
github.com/go-sql-driver/mysql/compress.go:89.50,91.4 1 0
github.com/go-sql-driver/mysql/compress.go:93.2,94.30 2 0
github.com/go-sql-driver/mysql/compress.go:97.47,99.16 2 0
github.com/go-sql-driver/mysql/compress.go:99.16,101.3 1 0
github.com/go-sql-driver/mysql/compress.go:102.2,108.11 5 0
github.com/go-sql-driver/mysql/compress.go:108.11,111.3 1 0
github.com/go-sql-driver/mysql/compress.go:116.2,116.59 1 0
github.com/go-sql-driver/mysql/compress.go:116.59,119.3 1 0
github.com/go-sql-driver/mysql/compress.go:120.2,123.16 3 0
github.com/go-sql-driver/mysql/compress.go:123.16,125.3 1 0
github.com/go-sql-driver/mysql/compress.go:129.2,129.29 1 0
github.com/go-sql-driver/mysql/compress.go:129.29,132.3 2 0
github.com/go-sql-driver/mysql/compress.go:135.2,137.16 3 0
github.com/go-sql-driver/mysql/compress.go:137.16,139.3 1 0
github.com/go-sql-driver/mysql/compress.go:140.2,140.33 1 0
github.com/go-sql-driver/mysql/compress.go:140.33,143.3 1 0
github.com/go-sql-driver/mysql/compress.go:144.2,144.12 1 0
github.com/go-sql-driver/mysql/compress.go:152.60,157.23 4 0
github.com/go-sql-driver/mysql/compress.go:157.23,166.42 6 0
github.com/go-sql-driver/mysql/compress.go:166.42,169.4 2 0
github.com/go-sql-driver/mysql/compress.go:169.9,171.27 2 0
github.com/go-sql-driver/mysql/compress.go:171.27,173.5 1 0
github.com/go-sql-driver/mysql/compress.go:176.4,176.50 1 0
github.com/go-sql-driver/mysql/compress.go:176.50,181.5 4 0
github.com/go-sql-driver/mysql/compress.go:184.3,184.82 1 0
github.com/go-sql-driver/mysql/compress.go:184.82,188.4 1 0
github.com/go-sql-driver/mysql/compress.go:189.3,189.33 1 0
github.com/go-sql-driver/mysql/compress.go:192.2,192.24 1 0
github.com/go-sql-driver/mysql/compress.go:197.87,200.11 3 0
github.com/go-sql-driver/mysql/compress.go:200.11,204.3 1 0
github.com/go-sql-driver/mysql/compress.go:207.2,212.34 5 0
github.com/go-sql-driver/mysql/conncheck.go:23.37,27.9 3 0
github.com/go-sql-driver/mysql/conncheck.go:27.9,29.3 1 0
github.com/go-sql-driver/mysql/conncheck.go:30.2,31.16 2 0
github.com/go-sql-driver/mysql/conncheck.go:31.16,33.3 1 0
github.com/go-sql-driver/mysql/conncheck.go:35.2,35.43 1 0
github.com/go-sql-driver/mysql/conncheck.go:35.43,38.10 3 0
github.com/go-sql-driver/mysql/conncheck.go:39.29,40.19 1 0
github.com/go-sql-driver/mysql/conncheck.go:41.14,42.30 1 0
github.com/go-sql-driver/mysql/conncheck.go:43.60,44.16 1 0
github.com/go-sql-driver/mysql/conncheck.go:45.11,46.16 1 0
github.com/go-sql-driver/mysql/conncheck.go:48.3,48.14 1 0
github.com/go-sql-driver/mysql/conncheck.go:50.2,50.16 1 0
github.com/go-sql-driver/mysql/conncheck.go:50.16,52.3 1 0
github.com/go-sql-driver/mysql/conncheck.go:54.2,54.15 1 0
github.com/go-sql-driver/mysql/connection.go:54.36,56.8 2 0
github.com/go-sql-driver/mysql/connection.go:56.8,58.16 2 0
github.com/go-sql-driver/mysql/connection.go:58.16,60.4 1 0
github.com/go-sql-driver/mysql/connection.go:61.3,62.34 2 0
github.com/go-sql-driver/mysql/connection.go:65.2,65.27 1 0
github.com/go-sql-driver/mysql/connection.go:68.61,70.12 2 0
github.com/go-sql-driver/mysql/connection.go:70.12,71.72 1 0
github.com/go-sql-driver/mysql/connection.go:71.72,73.4 1 0
github.com/go-sql-driver/mysql/connection.go:75.2,75.27 1 0
github.com/go-sql-driver/mysql/connection.go:78.62,80.12 2 0
github.com/go-sql-driver/mysql/connection.go:80.12,81.73 1 0
github.com/go-sql-driver/mysql/connection.go:81.73,83.4 1 0
github.com/go-sql-driver/mysql/connection.go:85.2,85.28 1 0
github.com/go-sql-driver/mysql/connection.go:88.38,91.2 2 0
github.com/go-sql-driver/mysql/connection.go:94.37,99.17 1 0
github.com/go-sql-driver/mysql/connection.go:99.17,102.3 2 0
github.com/go-sql-driver/mysql/connection.go:106.49,109.40 2 0
github.com/go-sql-driver/mysql/connection.go:109.40,110.24 1 0
github.com/go-sql-driver/mysql/connection.go:110.24,114.4 2 0
github.com/go-sql-driver/mysql/connection.go:114.9,116.4 1 0
github.com/go-sql-driver/mysql/connection.go:117.3,119.26 3 0
github.com/go-sql-driver/mysql/connection.go:122.2,122.22 1 0
github.com/go-sql-driver/mysql/connection.go:122.22,124.3 1 0
github.com/go-sql-driver/mysql/connection.go:126.2,126.8 1 0
github.com/go-sql-driver/mysql/connection.go:131.51,132.30 1 0
github.com/go-sql-driver/mysql/connection.go:132.30,134.3 1 0
github.com/go-sql-driver/mysql/connection.go:135.2,135.12 1 0
github.com/go-sql-driver/mysql/connection.go:138.49,140.2 1 0
github.com/go-sql-driver/mysql/connection.go:142.62,143.22 1 0
github.com/go-sql-driver/mysql/connection.go:143.22,145.3 1 0
github.com/go-sql-driver/mysql/connection.go:146.2,147.14 2 0
github.com/go-sql-driver/mysql/connection.go:147.14,149.3 1 0
github.com/go-sql-driver/mysql/connection.go:149.8,151.3 1 0
github.com/go-sql-driver/mysql/connection.go:152.2,153.16 2 0
github.com/go-sql-driver/mysql/connection.go:153.16,155.3 1 0
github.com/go-sql-driver/mysql/connection.go:156.2,156.33 1 0
github.com/go-sql-driver/mysql/connection.go:159.42,161.23 1 0
github.com/go-sql-driver/mysql/connection.go:161.23,163.3 1 0
github.com/go-sql-driver/mysql/connection.go:164.2,165.8 2 0
github.com/go-sql-driver/mysql/connection.go:169.30,172.2 2 0
github.com/go-sql-driver/mysql/connection.go:178.32,179.26 1 0
github.com/go-sql-driver/mysql/connection.go:179.26,181.3 1 0
github.com/go-sql-driver/mysql/connection.go:184.2,186.17 3 0
github.com/go-sql-driver/mysql/connection.go:186.17,188.3 1 0
github.com/go-sql-driver/mysql/connection.go:189.2,189.37 1 0
github.com/go-sql-driver/mysql/connection.go:189.37,191.3 1 0
github.com/go-sql-driver/mysql/connection.go:197.36,198.22 1 0
github.com/go-sql-driver/mysql/connection.go:198.22,199.45 1 0
github.com/go-sql-driver/mysql/connection.go:199.45,201.4 1 0
github.com/go-sql-driver/mysql/connection.go:202.3,202.24 1 0
github.com/go-sql-driver/mysql/connection.go:204.2,204.12 1 0
github.com/go-sql-driver/mysql/connection.go:207.65,208.22 1 0
github.com/go-sql-driver/mysql/connection.go:208.22,210.3 1 0
github.com/go-sql-driver/mysql/connection.go:212.2,213.16 2 0
github.com/go-sql-driver/mysql/connection.go:213.16,217.3 2 0
github.com/go-sql-driver/mysql/connection.go:219.2,225.16 3 0
github.com/go-sql-driver/mysql/connection.go:225.16,226.26 1 0
github.com/go-sql-driver/mysql/connection.go:226.26,227.57 1 0
github.com/go-sql-driver/mysql/connection.go:227.57,229.5 1 0
github.com/go-sql-driver/mysql/connection.go:232.3,232.22 1 0
github.com/go-sql-driver/mysql/connection.go:232.22,233.51 1 0
github.com/go-sql-driver/mysql/connection.go:233.51,234.78 1 0
github.com/go-sql-driver/mysql/connection.go:234.78,236.6 1 0
github.com/go-sql-driver/mysql/connection.go:237.10,238.59 1 0
github.com/go-sql-driver/mysql/connection.go:238.59,240.6 1 0
github.com/go-sql-driver/mysql/connection.go:245.2,245.18 1 0
github.com/go-sql-driver/mysql/connection.go:248.91,250.44 1 0
github.com/go-sql-driver/mysql/connection.go:250.44,252.3 1 0
github.com/go-sql-driver/mysql/connection.go:254.2,255.16 2 0
github.com/go-sql-driver/mysql/connection.go:255.16,261.3 2 0
github.com/go-sql-driver/mysql/connection.go:262.2,265.34 3 0
github.com/go-sql-driver/mysql/connection.go:265.34,267.14 2 0
github.com/go-sql-driver/mysql/connection.go:267.14,269.9 2 0
github.com/go-sql-driver/mysql/connection.go:271.3,277.17 5 0
github.com/go-sql-driver/mysql/connection.go:277.17,279.12 2 0
github.com/go-sql-driver/mysql/connection.go:282.3,282.26 1 0
github.com/go-sql-driver/mysql/connection.go:283.14,284.39 1 0
github.com/go-sql-driver/mysql/connection.go:285.15,287.40 1 0
github.com/go-sql-driver/mysql/connection.go:288.16,289.50 1 0
github.com/go-sql-driver/mysql/connection.go:290.13,291.9 1 0
github.com/go-sql-driver/mysql/connection.go:291.9,293.5 1 0
github.com/go-sql-driver/mysql/connection.go:293.10,295.5 1 0
github.com/go-sql-driver/mysql/connection.go:296.18,297.18 1 0
github.com/go-sql-driver/mysql/connection.go:297.18,299.5 1 0
github.com/go-sql-driver/mysql/connection.go:299.10,302.19 3 0
github.com/go-sql-driver/mysql/connection.go:302.19,304.6 1 0
github.com/go-sql-driver/mysql/connection.go:305.5,305.28 1 0
github.com/go-sql-driver/mysql/connection.go:307.24,309.47 2 0
github.com/go-sql-driver/mysql/connection.go:309.47,311.5 1 0
github.com/go-sql-driver/mysql/connection.go:311.10,313.5 1 0
github.com/go-sql-driver/mysql/connection.go:314.4,314.27 1 0
github.com/go-sql-driver/mysql/connection.go:315.15,316.16 1 0
github.com/go-sql-driver/mysql/connection.go:316.16,318.5 1 0
github.com/go-sql-driver/mysql/connection.go:318.10,320.48 2 0
github.com/go-sql-driver/mysql/connection.go:320.48,322.6 1 0
github.com/go-sql-driver/mysql/connection.go:322.11,324.6 1 0
github.com/go-sql-driver/mysql/connection.go:325.5,325.28 1 0
github.com/go-sql-driver/mysql/connection.go:327.15,329.47 2 0
github.com/go-sql-driver/mysql/connection.go:329.47,331.5 1 0
github.com/go-sql-driver/mysql/connection.go:331.10,333.5 1 0
github.com/go-sql-driver/mysql/connection.go:334.4,334.27 1 0
github.com/go-sql-driver/mysql/connection.go:335.11,336.29 1 0
github.com/go-sql-driver/mysql/connection.go:339.3,339.39 1 0
github.com/go-sql-driver/mysql/connection.go:339.39,341.4 1 0
github.com/go-sql-driver/mysql/connection.go:343.2,343.25 1 0
github.com/go-sql-driver/mysql/connection.go:343.25,345.3 1 0
github.com/go-sql-driver/mysql/connection.go:346.2,346.25 1 0
github.com/go-sql-driver/mysql/connection.go:349.85,350.22 1 0
github.com/go-sql-driver/mysql/connection.go:350.22,352.3 1 0
github.com/go-sql-driver/mysql/connection.go:353.2,353.20 1 0
github.com/go-sql-driver/mysql/connection.go:353.20,354.32 1 0
github.com/go-sql-driver/mysql/connection.go:354.32,356.4 1 0
github.com/go-sql-driver/mysql/connection.go:358.3,359.17 2 0
github.com/go-sql-driver/mysql/connection.go:359.17,361.4 1 0
github.com/go-sql-driver/mysql/connection.go:362.3,362.19 1 0
github.com/go-sql-driver/mysql/connection.go:365.2,366.16 2 0
github.com/go-sql-driver/mysql/connection.go:366.16,369.3 2 0
github.com/go-sql-driver/mysql/connection.go:370.2,370.33 1 0
github.com/go-sql-driver/mysql/connection.go:374.47,377.66 2 0
github.com/go-sql-driver/mysql/connection.go:377.66,379.3 1 0
github.com/go-sql-driver/mysql/connection.go:382.2,383.16 2 0
github.com/go-sql-driver/mysql/connection.go:383.16,385.3 1 0
github.com/go-sql-driver/mysql/connection.go:387.2,387.16 1 0
github.com/go-sql-driver/mysql/connection.go:387.16,389.48 1 0
github.com/go-sql-driver/mysql/connection.go:389.48,391.4 1 0
github.com/go-sql-driver/mysql/connection.go:394.3,394.39 1 0
github.com/go-sql-driver/mysql/connection.go:394.39,396.4 1 0
github.com/go-sql-driver/mysql/connection.go:399.2,399.34 1 0
github.com/go-sql-driver/mysql/connection.go:402.84,404.2 1 0
github.com/go-sql-driver/mysql/connection.go:406.82,409.22 2 0
github.com/go-sql-driver/mysql/connection.go:409.22,411.3 1 0
github.com/go-sql-driver/mysql/connection.go:412.2,412.20 1 0
github.com/go-sql-driver/mysql/connection.go:412.20,413.32 1 0
github.com/go-sql-driver/mysql/connection.go:413.32,415.4 1 0
github.com/go-sql-driver/mysql/connection.go:417.3,418.17 2 0
github.com/go-sql-driver/mysql/connection.go:418.17,420.4 1 0
github.com/go-sql-driver/mysql/connection.go:421.3,421.19 1 0
github.com/go-sql-driver/mysql/connection.go:424.2,425.16 2 0
github.com/go-sql-driver/mysql/connection.go:425.16,427.3 1 0
github.com/go-sql-driver/mysql/connection.go:430.2,432.16 3 0
github.com/go-sql-driver/mysql/connection.go:432.16,434.3 1 0
github.com/go-sql-driver/mysql/connection.go:436.2,439.17 3 0
github.com/go-sql-driver/mysql/connection.go:439.17,442.43 2 0
github.com/go-sql-driver/mysql/connection.go:443.20,444.20 1 0
github.com/go-sql-driver/mysql/connection.go:445.11,446.19 1 0
github.com/go-sql-driver/mysql/connection.go:451.2,452.18 2 0
github.com/go-sql-driver/mysql/connection.go:457.64,460.77 2 0
github.com/go-sql-driver/mysql/connection.go:460.77,462.3 1 0
github.com/go-sql-driver/mysql/connection.go:465.2,466.16 2 0
github.com/go-sql-driver/mysql/connection.go:466.16,471.17 4 0
github.com/go-sql-driver/mysql/connection.go:471.17,473.49 1 0
github.com/go-sql-driver/mysql/connection.go:473.49,475.5 1 0
github.com/go-sql-driver/mysql/connection.go:478.3,479.43 2 0
github.com/go-sql-driver/mysql/connection.go:479.43,481.4 1 0
github.com/go-sql-driver/mysql/connection.go:483.2,483.17 1 0
github.com/go-sql-driver/mysql/connection.go:487.40,490.2 2 0
github.com/go-sql-driver/mysql/connection.go:493.31,494.40 1 0
github.com/go-sql-driver/mysql/connection.go:494.40,496.3 1 0
github.com/go-sql-driver/mysql/connection.go:497.2,497.9 1 0
github.com/go-sql-driver/mysql/connection.go:498.33,499.22 1 0
github.com/go-sql-driver/mysql/connection.go:500.20,500.20 0 0
github.com/go-sql-driver/mysql/connection.go:505.60,506.22 1 0
github.com/go-sql-driver/mysql/connection.go:506.22,508.3 1 0
github.com/go-sql-driver/mysql/connection.go:510.2,510.43 1 0
github.com/go-sql-driver/mysql/connection.go:510.43,512.3 1 0
github.com/go-sql-driver/mysql/connection.go:513.2,516.54 3 0
github.com/go-sql-driver/mysql/connection.go:516.54,518.3 1 0
github.com/go-sql-driver/mysql/connection.go:520.2,520.32 1 0
github.com/go-sql-driver/mysql/connection.go:524.93,525.22 1 0
github.com/go-sql-driver/mysql/connection.go:525.22,527.3 1 0
github.com/go-sql-driver/mysql/connection.go:529.2,529.44 1 0
github.com/go-sql-driver/mysql/connection.go:529.44,531.3 1 0
github.com/go-sql-driver/mysql/connection.go:532.2,534.60 2 0
github.com/go-sql-driver/mysql/connection.go:534.60,536.17 2 0
github.com/go-sql-driver/mysql/connection.go:536.17,538.4 1 0
github.com/go-sql-driver/mysql/connection.go:539.3,540.17 2 0
github.com/go-sql-driver/mysql/connection.go:540.17,542.4 1 0
github.com/go-sql-driver/mysql/connection.go:545.2,545.32 1 0
github.com/go-sql-driver/mysql/connection.go:548.117,550.16 2 0
github.com/go-sql-driver/mysql/connection.go:550.16,552.3 1 0
github.com/go-sql-driver/mysql/connection.go:554.2,554.44 1 0
github.com/go-sql-driver/mysql/connection.go:554.44,556.3 1 0
github.com/go-sql-driver/mysql/connection.go:558.2,559.16 2 0
github.com/go-sql-driver/mysql/connection.go:559.16,562.3 2 0
github.com/go-sql-driver/mysql/connection.go:563.2,564.18 2 0
github.com/go-sql-driver/mysql/connection.go:567.118,569.16 2 0
github.com/go-sql-driver/mysql/connection.go:569.16,571.3 1 0
github.com/go-sql-driver/mysql/connection.go:573.2,573.44 1 0
github.com/go-sql-driver/mysql/connection.go:573.44,575.3 1 0
github.com/go-sql-driver/mysql/connection.go:576.2,578.30 2 0
github.com/go-sql-driver/mysql/connection.go:581.93,582.44 1 0
github.com/go-sql-driver/mysql/connection.go:582.44,584.3 1 0
github.com/go-sql-driver/mysql/connection.go:586.2,588.16 3 0
github.com/go-sql-driver/mysql/connection.go:588.16,590.3 1 0
github.com/go-sql-driver/mysql/connection.go:592.2,592.9 1 0
github.com/go-sql-driver/mysql/connection.go:593.10,593.10 0 0
github.com/go-sql-driver/mysql/connection.go:594.20,596.24 2 0
github.com/go-sql-driver/mysql/connection.go:598.2,598.18 1 0
github.com/go-sql-driver/mysql/connection.go:601.105,603.16 2 0
github.com/go-sql-driver/mysql/connection.go:603.16,605.3 1 0
github.com/go-sql-driver/mysql/connection.go:607.2,607.49 1 0
github.com/go-sql-driver/mysql/connection.go:607.49,609.3 1 0
github.com/go-sql-driver/mysql/connection.go:611.2,612.16 2 0
github.com/go-sql-driver/mysql/connection.go:612.16,615.3 2 0
github.com/go-sql-driver/mysql/connection.go:616.2,617.18 2 0
github.com/go-sql-driver/mysql/connection.go:620.106,622.16 2 0
github.com/go-sql-driver/mysql/connection.go:622.16,624.3 1 0
github.com/go-sql-driver/mysql/connection.go:626.2,626.49 1 0
github.com/go-sql-driver/mysql/connection.go:626.49,628.3 1 0
github.com/go-sql-driver/mysql/connection.go:629.2,631.25 2 0
github.com/go-sql-driver/mysql/connection.go:634.61,635.17 1 0
github.com/go-sql-driver/mysql/connection.go:635.17,640.3 2 0
github.com/go-sql-driver/mysql/connection.go:642.2,642.34 1 0
github.com/go-sql-driver/mysql/connection.go:642.34,644.3 1 0
github.com/go-sql-driver/mysql/connection.go:646.2,646.23 1 0
github.com/go-sql-driver/mysql/connection.go:646.23,648.3 1 0
github.com/go-sql-driver/mysql/connection.go:650.2,650.23 1 0
github.com/go-sql-driver/mysql/connection.go:650.23,652.3 1 0
github.com/go-sql-driver/mysql/connection.go:654.2,656.12 3 0
github.com/go-sql-driver/mysql/connection.go:659.37,664.12 5 0
github.com/go-sql-driver/mysql/connection.go:664.12,665.7 1 0
github.com/go-sql-driver/mysql/connection.go:665.7,667.11 2 0
github.com/go-sql-driver/mysql/connection.go:668.25,668.25 0 0
github.com/go-sql-driver/mysql/connection.go:669.22,670.11 1 0
github.com/go-sql-driver/mysql/connection.go:673.4,673.11 1 0
github.com/go-sql-driver/mysql/connection.go:674.22,675.25 1 0
github.com/go-sql-driver/mysql/connection.go:676.20,676.20 0 0
github.com/go-sql-driver/mysql/connection.go:677.22,678.11 1 0
github.com/go-sql-driver/mysql/connection.go:684.73,687.2 2 0
github.com/go-sql-driver/mysql/connection.go:691.62,692.39 1 0
github.com/go-sql-driver/mysql/connection.go:692.39,694.3 1 0
github.com/go-sql-driver/mysql/connection.go:702.2,702.30 1 0
github.com/go-sql-driver/mysql/connection.go:702.30,704.24 2 0
github.com/go-sql-driver/mysql/connection.go:704.24,706.4 1 0
github.com/go-sql-driver/mysql/connection.go:707.3,708.30 2 0
github.com/go-sql-driver/mysql/connection.go:708.30,710.4 1 0
github.com/go-sql-driver/mysql/connection.go:711.3,711.17 1 0
github.com/go-sql-driver/mysql/connection.go:711.17,713.4 1 0
github.com/go-sql-driver/mysql/connection.go:714.3,714.17 1 0
github.com/go-sql-driver/mysql/connection.go:714.17,717.4 2 0
github.com/go-sql-driver/mysql/connection.go:720.2,720.12 1 0
github.com/go-sql-driver/mysql/connection.go:725.37,727.2 1 0
github.com/go-sql-driver/mysql/connector.go:26.53,39.22 11 0
github.com/go-sql-driver/mysql/connector.go:39.22,42.3 2 0
github.com/go-sql-driver/mysql/connector.go:45.2,45.72 1 0
github.com/go-sql-driver/mysql/connector.go:45.72,47.13 2 0
github.com/go-sql-driver/mysql/connector.go:47.13,48.12 1 0
github.com/go-sql-driver/mysql/connector.go:50.3,51.60 2 0
github.com/go-sql-driver/mysql/connector.go:54.2,54.29 1 0
github.com/go-sql-driver/mysql/connector.go:57.43,63.2 2 0
github.com/go-sql-driver/mysql/connector.go:67.71,72.32 3 0
github.com/go-sql-driver/mysql/connector.go:72.32,75.17 3 0
github.com/go-sql-driver/mysql/connector.go:75.17,77.4 1 0
github.com/go-sql-driver/mysql/connector.go:81.2,92.24 4 0
github.com/go-sql-driver/mysql/connector.go:92.24,96.3 3 0
github.com/go-sql-driver/mysql/connector.go:98.2,98.27 1 0
github.com/go-sql-driver/mysql/connector.go:98.27,100.3 1 0
github.com/go-sql-driver/mysql/connector.go:100.8,104.9 4 0
github.com/go-sql-driver/mysql/connector.go:104.9,106.4 1 0
github.com/go-sql-driver/mysql/connector.go:106.9,109.4 2 0
github.com/go-sql-driver/mysql/connector.go:111.2,111.16 1 0
github.com/go-sql-driver/mysql/connector.go:111.16,113.3 1 0
github.com/go-sql-driver/mysql/connector.go:114.2,117.45 2 0
github.com/go-sql-driver/mysql/connector.go:117.45,118.47 1 0
github.com/go-sql-driver/mysql/connector.go:118.47,120.4 1 0
github.com/go-sql-driver/mysql/connector.go:124.2,125.44 2 0
github.com/go-sql-driver/mysql/connector.go:125.44,128.3 2 0
github.com/go-sql-driver/mysql/connector.go:129.2,135.16 4 0
github.com/go-sql-driver/mysql/connector.go:135.16,138.3 2 0
github.com/go-sql-driver/mysql/connector.go:140.2,140.18 1 0
github.com/go-sql-driver/mysql/connector.go:140.18,142.3 1 0
github.com/go-sql-driver/mysql/connector.go:145.2,146.16 2 0
github.com/go-sql-driver/mysql/connector.go:146.16,151.17 4 0
github.com/go-sql-driver/mysql/connector.go:151.17,154.4 2 0
github.com/go-sql-driver/mysql/connector.go:156.2,157.73 2 0
github.com/go-sql-driver/mysql/connector.go:157.73,160.3 2 0
github.com/go-sql-driver/mysql/connector.go:163.2,163.61 1 0
github.com/go-sql-driver/mysql/connector.go:163.61,169.3 2 0
github.com/go-sql-driver/mysql/connector.go:172.2,172.40 1 0
github.com/go-sql-driver/mysql/connector.go:172.40,175.3 2 0
github.com/go-sql-driver/mysql/connector.go:176.2,176.33 1 0
github.com/go-sql-driver/mysql/connector.go:176.33,178.3 1 0
github.com/go-sql-driver/mysql/connector.go:178.8,181.17 2 0
github.com/go-sql-driver/mysql/connector.go:181.17,184.4 2 0
github.com/go-sql-driver/mysql/connector.go:185.3,186.17 2 0
github.com/go-sql-driver/mysql/connector.go:186.17,189.4 2 0
github.com/go-sql-driver/mysql/connector.go:190.3,190.30 1 0
github.com/go-sql-driver/mysql/connector.go:192.2,192.41 1 0
github.com/go-sql-driver/mysql/connector.go:192.41,194.3 1 0
github.com/go-sql-driver/mysql/connector.go:197.2,197.30 1 0
github.com/go-sql-driver/mysql/connector.go:197.30,198.38 1 0
github.com/go-sql-driver/mysql/connector.go:198.38,200.30 1 0
github.com/go-sql-driver/mysql/connector.go:200.30,202.5 1 0
github.com/go-sql-driver/mysql/connector.go:202.10,204.5 1 0
github.com/go-sql-driver/mysql/connector.go:205.4,205.18 1 0
github.com/go-sql-driver/mysql/connector.go:205.18,206.10 1 0
github.com/go-sql-driver/mysql/connector.go:209.3,209.17 1 0
github.com/go-sql-driver/mysql/connector.go:209.17,212.4 2 0
github.com/go-sql-driver/mysql/connector.go:216.2,217.16 2 0
github.com/go-sql-driver/mysql/connector.go:217.16,220.3 2 0
github.com/go-sql-driver/mysql/connector.go:222.2,222.16 1 0
github.com/go-sql-driver/mysql/connector.go:227.44,229.2 1 0
github.com/go-sql-driver/mysql/driver.go:49.60,52.18 3 0
github.com/go-sql-driver/mysql/driver.go:52.18,54.3 1 0
github.com/go-sql-driver/mysql/driver.go:55.2,55.19 1 0
github.com/go-sql-driver/mysql/driver.go:59.40,62.18 3 0
github.com/go-sql-driver/mysql/driver.go:62.18,64.3 1 0
github.com/go-sql-driver/mysql/driver.go:72.50,73.86 1 0
github.com/go-sql-driver/mysql/driver.go:73.86,75.3 1 0
github.com/go-sql-driver/mysql/driver.go:81.60,83.16 2 0
github.com/go-sql-driver/mysql/driver.go:83.16,85.3 1 0
github.com/go-sql-driver/mysql/driver.go:86.2,87.40 2 0
github.com/go-sql-driver/mysql/driver.go:94.13,95.22 1 1
github.com/go-sql-driver/mysql/driver.go:95.22,97.3 1 1
github.com/go-sql-driver/mysql/driver.go:101.58,105.40 2 0
github.com/go-sql-driver/mysql/driver.go:105.40,107.3 1 0
github.com/go-sql-driver/mysql/driver.go:108.2,108.31 1 0
github.com/go-sql-driver/mysql/driver.go:112.74,114.16 2 0
github.com/go-sql-driver/mysql/driver.go:114.16,116.3 1 0
github.com/go-sql-driver/mysql/driver.go:117.2,117.31 1 0
github.com/go-sql-driver/mysql/dsn.go:91.26,100.2 2 0
github.com/go-sql-driver/mysql/dsn.go:103.46,104.27 1 0
github.com/go-sql-driver/mysql/dsn.go:104.27,106.17 2 0
github.com/go-sql-driver/mysql/dsn.go:106.17,108.4 1 0
github.com/go-sql-driver/mysql/dsn.go:110.2,110.12 1 0
github.com/go-sql-driver/mysql/dsn.go:115.43,116.33 1 0
github.com/go-sql-driver/mysql/dsn.go:116.33,119.3 2 0
github.com/go-sql-driver/mysql/dsn.go:123.68,124.33 1 0
github.com/go-sql-driver/mysql/dsn.go:124.33,127.3 2 0
github.com/go-sql-driver/mysql/dsn.go:131.41,132.33 1 0
github.com/go-sql-driver/mysql/dsn.go:132.33,135.3 2 0
github.com/go-sql-driver/mysql/dsn.go:145.48,146.33 1 0
github.com/go-sql-driver/mysql/dsn.go:146.33,150.3 3 0
github.com/go-sql-driver/mysql/dsn.go:153.36,155.19 2 0
github.com/go-sql-driver/mysql/dsn.go:155.19,157.3 1 0
github.com/go-sql-driver/mysql/dsn.go:158.2,158.24 1 0
github.com/go-sql-driver/mysql/dsn.go:158.24,160.32 2 0
github.com/go-sql-driver/mysql/dsn.go:160.32,162.4 1 0
github.com/go-sql-driver/mysql/dsn.go:164.2,164.23 1 0
github.com/go-sql-driver/mysql/dsn.go:164.23,169.3 1 0
github.com/go-sql-driver/mysql/dsn.go:170.2,170.12 1 0
github.com/go-sql-driver/mysql/dsn.go:173.38,174.85 1 0
github.com/go-sql-driver/mysql/dsn.go:174.85,176.3 1 0
github.com/go-sql-driver/mysql/dsn.go:179.2,179.19 1 0
github.com/go-sql-driver/mysql/dsn.go:179.19,181.3 1 0
github.com/go-sql-driver/mysql/dsn.go:184.2,184.20 1 0
github.com/go-sql-driver/mysql/dsn.go:184.20,185.18 1 0
github.com/go-sql-driver/mysql/dsn.go:186.14,187.31 1 0
github.com/go-sql-driver/mysql/dsn.go:188.15,189.32 1 0
github.com/go-sql-driver/mysql/dsn.go:190.11,191.75 1 0
github.com/go-sql-driver/mysql/dsn.go:193.8,193.29 1 0
github.com/go-sql-driver/mysql/dsn.go:193.29,195.3 1 0
github.com/go-sql-driver/mysql/dsn.go:197.2,197.20 1 0
github.com/go-sql-driver/mysql/dsn.go:197.20,198.24 1 0
github.com/go-sql-driver/mysql/dsn.go:199.20,199.20 0 0
github.com/go-sql-driver/mysql/dsn.go:201.15,202.27 1 0
github.com/go-sql-driver/mysql/dsn.go:203.22,204.51 1 0
github.com/go-sql-driver/mysql/dsn.go:205.20,207.39 2 0
github.com/go-sql-driver/mysql/dsn.go:208.11,210.22 2 0
github.com/go-sql-driver/mysql/dsn.go:210.22,212.5 1 0
github.com/go-sql-driver/mysql/dsn.go:216.2,216.79 1 0
github.com/go-sql-driver/mysql/dsn.go:216.79,218.17 2 0
github.com/go-sql-driver/mysql/dsn.go:218.17,220.4 1 0
github.com/go-sql-driver/mysql/dsn.go:223.2,223.28 1 0
github.com/go-sql-driver/mysql/dsn.go:223.28,225.24 2 0
github.com/go-sql-driver/mysql/dsn.go:225.24,227.4 1 0
github.com/go-sql-driver/mysql/dsn.go:230.2,230.23 1 0
github.com/go-sql-driver/mysql/dsn.go:230.23,232.3 1 0
github.com/go-sql-driver/mysql/dsn.go:234.2,234.12 1 0
github.com/go-sql-driver/mysql/dsn.go:237.75,239.16 2 0
github.com/go-sql-driver/mysql/dsn.go:239.16,242.3 2 0
github.com/go-sql-driver/mysql/dsn.go:242.8,244.3 1 0
github.com/go-sql-driver/mysql/dsn.go:245.2,247.24 3 0
github.com/go-sql-driver/mysql/dsn.go:254.39,258.23 2 0
github.com/go-sql-driver/mysql/dsn.go:258.23,260.26 2 0
github.com/go-sql-driver/mysql/dsn.go:260.26,263.4 2 0
github.com/go-sql-driver/mysql/dsn.go:264.3,264.21 1 0
github.com/go-sql-driver/mysql/dsn.go:268.2,268.22 1 0
github.com/go-sql-driver/mysql/dsn.go:268.22,270.24 2 0
github.com/go-sql-driver/mysql/dsn.go:270.24,274.4 3 0
github.com/go-sql-driver/mysql/dsn.go:278.2,284.23 4 0
github.com/go-sql-driver/mysql/dsn.go:284.23,287.3 2 0
github.com/go-sql-driver/mysql/dsn.go:289.2,289.33 1 0
github.com/go-sql-driver/mysql/dsn.go:289.33,291.3 1 0
github.com/go-sql-driver/mysql/dsn.go:293.2,293.34 1 0
github.com/go-sql-driver/mysql/dsn.go:293.34,295.3 1 0
github.com/go-sql-driver/mysql/dsn.go:297.2,297.31 1 0
github.com/go-sql-driver/mysql/dsn.go:297.31,299.3 1 0
github.com/go-sql-driver/mysql/dsn.go:301.2,301.27 1 0
github.com/go-sql-driver/mysql/dsn.go:301.27,303.3 1 0
github.com/go-sql-driver/mysql/dsn.go:305.2,305.28 1 0
github.com/go-sql-driver/mysql/dsn.go:305.28,307.3 1 0
github.com/go-sql-driver/mysql/dsn.go:309.2,309.25 1 0
github.com/go-sql-driver/mysql/dsn.go:309.25,311.3 1 0
github.com/go-sql-driver/mysql/dsn.go:313.2,313.49 1 0
github.com/go-sql-driver/mysql/dsn.go:313.49,315.3 1 0
github.com/go-sql-driver/mysql/dsn.go:317.2,317.37 1 0
github.com/go-sql-driver/mysql/dsn.go:317.37,319.3 1 0
github.com/go-sql-driver/mysql/dsn.go:321.2,321.26 1 0
github.com/go-sql-driver/mysql/dsn.go:321.26,323.3 1 0
github.com/go-sql-driver/mysql/dsn.go:325.2,325.36 1 0
github.com/go-sql-driver/mysql/dsn.go:325.36,327.3 1 0
github.com/go-sql-driver/mysql/dsn.go:329.2,329.18 1 0
github.com/go-sql-driver/mysql/dsn.go:329.18,331.3 1 0
github.com/go-sql-driver/mysql/dsn.go:333.2,333.27 1 0
github.com/go-sql-driver/mysql/dsn.go:333.27,335.3 1 0
github.com/go-sql-driver/mysql/dsn.go:337.2,337.43 1 0
github.com/go-sql-driver/mysql/dsn.go:337.43,339.3 1 0
github.com/go-sql-driver/mysql/dsn.go:341.2,341.25 1 0
github.com/go-sql-driver/mysql/dsn.go:341.25,343.3 1 0
github.com/go-sql-driver/mysql/dsn.go:345.2,345.19 1 0
github.com/go-sql-driver/mysql/dsn.go:345.19,347.3 1 0
github.com/go-sql-driver/mysql/dsn.go:349.2,349.26 1 0
github.com/go-sql-driver/mysql/dsn.go:349.26,351.3 1 0
github.com/go-sql-driver/mysql/dsn.go:353.2,353.25 1 0
github.com/go-sql-driver/mysql/dsn.go:353.25,355.3 1 0
github.com/go-sql-driver/mysql/dsn.go:357.2,357.24 1 0
github.com/go-sql-driver/mysql/dsn.go:357.24,359.3 1 0
github.com/go-sql-driver/mysql/dsn.go:361.2,361.31 1 0
github.com/go-sql-driver/mysql/dsn.go:361.31,363.3 1 0
github.com/go-sql-driver/mysql/dsn.go:365.2,365.21 1 0
github.com/go-sql-driver/mysql/dsn.go:365.21,367.3 1 0
github.com/go-sql-driver/mysql/dsn.go:369.2,369.28 1 0
github.com/go-sql-driver/mysql/dsn.go:369.28,371.3 1 0
github.com/go-sql-driver/mysql/dsn.go:373.2,373.26 1 0
github.com/go-sql-driver/mysql/dsn.go:373.26,375.3 1 0
github.com/go-sql-driver/mysql/dsn.go:377.2,377.53 1 0
github.com/go-sql-driver/mysql/dsn.go:377.53,379.3 1 0
github.com/go-sql-driver/mysql/dsn.go:382.2,382.23 1 0
github.com/go-sql-driver/mysql/dsn.go:382.23,384.33 2 0
github.com/go-sql-driver/mysql/dsn.go:384.33,386.4 1 0
github.com/go-sql-driver/mysql/dsn.go:387.3,388.32 2 0
github.com/go-sql-driver/mysql/dsn.go:388.32,390.4 1 0
github.com/go-sql-driver/mysql/dsn.go:393.2,393.21 1 0
github.com/go-sql-driver/mysql/dsn.go:397.52,404.37 3 0
github.com/go-sql-driver/mysql/dsn.go:404.37,405.20 1 0
github.com/go-sql-driver/mysql/dsn.go:405.20,410.13 3 0
github.com/go-sql-driver/mysql/dsn.go:410.13,413.28 1 0
github.com/go-sql-driver/mysql/dsn.go:413.28,414.23 1 0
github.com/go-sql-driver/mysql/dsn.go:414.23,417.29 1 0
github.com/go-sql-driver/mysql/dsn.go:417.29,418.25 1 0
github.com/go-sql-driver/mysql/dsn.go:418.25,420.14 2 0
github.com/go-sql-driver/mysql/dsn.go:423.7,425.12 2 0
github.com/go-sql-driver/mysql/dsn.go:431.5,431.31 1 0
github.com/go-sql-driver/mysql/dsn.go:431.31,432.23 1 0
github.com/go-sql-driver/mysql/dsn.go:432.23,434.26 1 0
github.com/go-sql-driver/mysql/dsn.go:434.26,435.49 1 0
github.com/go-sql-driver/mysql/dsn.go:435.49,437.9 1 0
github.com/go-sql-driver/mysql/dsn.go:438.8,438.37 1 0
github.com/go-sql-driver/mysql/dsn.go:440.7,441.12 2 0
github.com/go-sql-driver/mysql/dsn.go:444.5,444.27 1 0
github.com/go-sql-driver/mysql/dsn.go:449.4,449.37 1 0
github.com/go-sql-driver/mysql/dsn.go:449.37,450.22 1 0
github.com/go-sql-driver/mysql/dsn.go:450.22,451.58 1 0
github.com/go-sql-driver/mysql/dsn.go:451.58,453.7 1 0
github.com/go-sql-driver/mysql/dsn.go:454.6,454.11 1 0
github.com/go-sql-driver/mysql/dsn.go:458.4,459.62 2 0
github.com/go-sql-driver/mysql/dsn.go:459.62,461.5 1 0
github.com/go-sql-driver/mysql/dsn.go:463.4,463.9 1 0
github.com/go-sql-driver/mysql/dsn.go:467.2,467.33 1 0
github.com/go-sql-driver/mysql/dsn.go:467.33,469.3 1 0
github.com/go-sql-driver/mysql/dsn.go:471.2,471.39 1 0
github.com/go-sql-driver/mysql/dsn.go:471.39,473.3 1 0
github.com/go-sql-driver/mysql/dsn.go:474.2,474.8 1 0
github.com/go-sql-driver/mysql/dsn.go:479.61,480.47 1 0
github.com/go-sql-driver/mysql/dsn.go:480.47,482.13 2 0
github.com/go-sql-driver/mysql/dsn.go:482.13,483.12 1 0
github.com/go-sql-driver/mysql/dsn.go:487.3,487.14 1 0
github.com/go-sql-driver/mysql/dsn.go:489.24,492.15 3 0
github.com/go-sql-driver/mysql/dsn.go:492.15,494.5 1 0
github.com/go-sql-driver/mysql/dsn.go:497.34,500.15 3 0
github.com/go-sql-driver/mysql/dsn.go:500.15,502.5 1 0
github.com/go-sql-driver/mysql/dsn.go:505.35,508.15 3 0
github.com/go-sql-driver/mysql/dsn.go:508.15,510.5 1 0
github.com/go-sql-driver/mysql/dsn.go:513.31,516.15 3 0
github.com/go-sql-driver/mysql/dsn.go:516.15,518.5 1 0
github.com/go-sql-driver/mysql/dsn.go:521.28,524.15 3 0
github.com/go-sql-driver/mysql/dsn.go:524.15,526.5 1 0
github.com/go-sql-driver/mysql/dsn.go:529.28,532.15 3 0
github.com/go-sql-driver/mysql/dsn.go:532.15,534.5 1 0
github.com/go-sql-driver/mysql/dsn.go:537.26,540.15 3 0
github.com/go-sql-driver/mysql/dsn.go:540.15,542.5 1 0
github.com/go-sql-driver/mysql/dsn.go:545.18,546.44 1 0
github.com/go-sql-driver/mysql/dsn.go:549.20,550.25 1 0
github.com/go-sql-driver/mysql/dsn.go:552.27,555.15 3 0
github.com/go-sql-driver/mysql/dsn.go:555.15,557.5 1 0
github.com/go-sql-driver/mysql/dsn.go:560.19,563.15 3 0
github.com/go-sql-driver/mysql/dsn.go:563.15,565.5 1 0
github.com/go-sql-driver/mysql/dsn.go:568.28,571.15 3 0
github.com/go-sql-driver/mysql/dsn.go:571.15,573.5 1 0
github.com/go-sql-driver/mysql/dsn.go:576.14,577.57 1 0
github.com/go-sql-driver/mysql/dsn.go:577.57,579.5 1 0
github.com/go-sql-driver/mysql/dsn.go:580.4,581.18 2 0
github.com/go-sql-driver/mysql/dsn.go:581.18,583.5 1 0
github.com/go-sql-driver/mysql/dsn.go:586.26,589.15 3 0
github.com/go-sql-driver/mysql/dsn.go:589.15,591.5 1 0
github.com/go-sql-driver/mysql/dsn.go:594.20,597.15 3 0
github.com/go-sql-driver/mysql/dsn.go:597.15,599.5 1 0
github.com/go-sql-driver/mysql/dsn.go:602.23,604.18 2 0
github.com/go-sql-driver/mysql/dsn.go:604.18,606.5 1 0
github.com/go-sql-driver/mysql/dsn.go:609.22,611.18 2 0
github.com/go-sql-driver/mysql/dsn.go:611.18,613.5 1 0
github.com/go-sql-driver/mysql/dsn.go:616.25,619.15 3 0
github.com/go-sql-driver/mysql/dsn.go:619.15,621.5 1 0
github.com/go-sql-driver/mysql/dsn.go:624.23,626.18 2 0
github.com/go-sql-driver/mysql/dsn.go:626.18,628.5 1 0
github.com/go-sql-driver/mysql/dsn.go:629.4,629.27 1 0
github.com/go-sql-driver/mysql/dsn.go:632.17,633.102 1 0
github.com/go-sql-driver/mysql/dsn.go:636.18,638.18 2 0
github.com/go-sql-driver/mysql/dsn.go:638.18,640.5 1 0
github.com/go-sql-driver/mysql/dsn.go:643.14,645.14 2 0
github.com/go-sql-driver/mysql/dsn.go:645.14,646.18 1 0
github.com/go-sql-driver/mysql/dsn.go:646.18,648.6 1 0
github.com/go-sql-driver/mysql/dsn.go:648.11,650.6 1 0
github.com/go-sql-driver/mysql/dsn.go:651.10,651.85 1 0
github.com/go-sql-driver/mysql/dsn.go:651.85,653.5 1 0
github.com/go-sql-driver/mysql/dsn.go:653.10,655.19 2 0
github.com/go-sql-driver/mysql/dsn.go:655.19,657.6 1 0
github.com/go-sql-driver/mysql/dsn.go:658.5,658.25 1 0
github.com/go-sql-driver/mysql/dsn.go:662.23,664.18 2 0
github.com/go-sql-driver/mysql/dsn.go:664.18,666.5 1 0
github.com/go-sql-driver/mysql/dsn.go:667.27,669.18 2 0
github.com/go-sql-driver/mysql/dsn.go:669.18,671.5 1 0
github.com/go-sql-driver/mysql/dsn.go:674.31,676.18 2 0
github.com/go-sql-driver/mysql/dsn.go:676.18,678.5 1 0
github.com/go-sql-driver/mysql/dsn.go:679.4,679.51 1 0
github.com/go-sql-driver/mysql/dsn.go:681.11,683.25 1 0
github.com/go-sql-driver/mysql/dsn.go:683.25,685.5 1 0
github.com/go-sql-driver/mysql/dsn.go:687.4,687.67 1 0
github.com/go-sql-driver/mysql/dsn.go:687.67,689.5 1 0
github.com/go-sql-driver/mysql/dsn.go:693.2,693.8 1 0
github.com/go-sql-driver/mysql/dsn.go:696.41,697.54 1 0
github.com/go-sql-driver/mysql/dsn.go:697.54,699.3 1 0
github.com/go-sql-driver/mysql/dsn.go:700.2,700.13 1 0
github.com/go-sql-driver/mysql/errors.go:51.39,51.40 0 0
github.com/go-sql-driver/mysql/errors.go:55.37,56.19 1 0
github.com/go-sql-driver/mysql/errors.go:56.19,58.3 1 0
github.com/go-sql-driver/mysql/errors.go:59.2,60.12 2 0
github.com/go-sql-driver/mysql/errors.go:70.38,71.30 1 0
github.com/go-sql-driver/mysql/errors.go:71.30,73.3 1 0
github.com/go-sql-driver/mysql/errors.go:75.2,75.59 1 0
github.com/go-sql-driver/mysql/errors.go:78.42,79.39 1 0
github.com/go-sql-driver/mysql/errors.go:79.39,81.3 1 0
github.com/go-sql-driver/mysql/errors.go:82.2,82.14 1 0
github.com/go-sql-driver/mysql/fields.go:16.49,17.22 1 0
github.com/go-sql-driver/mysql/fields.go:18.20,19.15 1 0
github.com/go-sql-driver/mysql/fields.go:20.21,21.38 1 0
github.com/go-sql-driver/mysql/fields.go:21.38,23.4 1 0
github.com/go-sql-driver/mysql/fields.go:24.3,24.16 1 0
github.com/go-sql-driver/mysql/fields.go:25.21,26.16 1 0
github.com/go-sql-driver/mysql/fields.go:27.25,28.20 1 0
github.com/go-sql-driver/mysql/fields.go:29.24,30.19 1 0
github.com/go-sql-driver/mysql/fields.go:31.23,32.18 1 0
github.com/go-sql-driver/mysql/fields.go:33.21,34.16 1 0
github.com/go-sql-driver/mysql/fields.go:35.22,36.17 1 0
github.com/go-sql-driver/mysql/fields.go:37.25,38.20 1 0
github.com/go-sql-driver/mysql/fields.go:39.22,40.33 1 0
github.com/go-sql-driver/mysql/fields.go:40.33,42.4 1 0
github.com/go-sql-driver/mysql/fields.go:43.3,43.21 1 0
github.com/go-sql-driver/mysql/fields.go:44.21,45.16 1 0
github.com/go-sql-driver/mysql/fields.go:46.21,47.33 1 0
github.com/go-sql-driver/mysql/fields.go:47.33,49.4 1 0
github.com/go-sql-driver/mysql/fields.go:50.3,50.15 1 0
github.com/go-sql-driver/mysql/fields.go:51.25,52.38 1 0
github.com/go-sql-driver/mysql/fields.go:52.38,54.4 1 0
github.com/go-sql-driver/mysql/fields.go:55.3,55.20 1 0
github.com/go-sql-driver/mysql/fields.go:56.25,57.33 1 0
github.com/go-sql-driver/mysql/fields.go:57.33,59.4 1 0
github.com/go-sql-driver/mysql/fields.go:60.3,60.18 1 0
github.com/go-sql-driver/mysql/fields.go:61.27,62.38 1 0
github.com/go-sql-driver/mysql/fields.go:62.38,64.4 1 0
github.com/go-sql-driver/mysql/fields.go:65.3,65.22 1 0
github.com/go-sql-driver/mysql/fields.go:66.24,67.16 1 0
github.com/go-sql-driver/mysql/fields.go:68.27,69.19 1 0
github.com/go-sql-driver/mysql/fields.go:70.21,71.16 1 0
github.com/go-sql-driver/mysql/fields.go:72.20,73.15 1 0
github.com/go-sql-driver/mysql/fields.go:74.22,75.33 1 0
github.com/go-sql-driver/mysql/fields.go:75.33,77.4 1 0
github.com/go-sql-driver/mysql/fields.go:78.3,78.20 1 0
github.com/go-sql-driver/mysql/fields.go:79.23,80.29 1 0
github.com/go-sql-driver/mysql/fields.go:80.29,82.4 1 0
github.com/go-sql-driver/mysql/fields.go:82.9,82.35 1 0
github.com/go-sql-driver/mysql/fields.go:82.35,84.4 1 0
github.com/go-sql-driver/mysql/fields.go:85.3,85.38 1 0
github.com/go-sql-driver/mysql/fields.go:85.38,87.4 1 0
github.com/go-sql-driver/mysql/fields.go:88.3,88.16 1 0
github.com/go-sql-driver/mysql/fields.go:89.21,90.16 1 0
github.com/go-sql-driver/mysql/fields.go:91.26,92.21 1 0
github.com/go-sql-driver/mysql/fields.go:93.21,94.33 1 0
github.com/go-sql-driver/mysql/fields.go:94.33,96.4 1 0
github.com/go-sql-driver/mysql/fields.go:97.3,97.19 1 0
github.com/go-sql-driver/mysql/fields.go:98.25,99.38 1 0
github.com/go-sql-driver/mysql/fields.go:99.38,101.4 1 0
github.com/go-sql-driver/mysql/fields.go:102.3,102.20 1 0
github.com/go-sql-driver/mysql/fields.go:103.24,104.38 1 0
github.com/go-sql-driver/mysql/fields.go:104.38,106.4 1 0
github.com/go-sql-driver/mysql/fields.go:107.3,107.19 1 0
github.com/go-sql-driver/mysql/fields.go:108.26,109.38 1 0
github.com/go-sql-driver/mysql/fields.go:109.38,111.4 1 0
github.com/go-sql-driver/mysql/fields.go:112.3,112.19 1 0
github.com/go-sql-driver/mysql/fields.go:113.21,114.16 1 0
github.com/go-sql-driver/mysql/fields.go:115.23,116.18 1 0
github.com/go-sql-driver/mysql/fields.go:117.10,118.12 1 0
github.com/go-sql-driver/mysql/fields.go:153.47,154.22 1 0
github.com/go-sql-driver/mysql/fields.go:155.21,156.32 1 0
github.com/go-sql-driver/mysql/fields.go:156.32,157.34 1 0
github.com/go-sql-driver/mysql/fields.go:157.34,159.5 1 0
github.com/go-sql-driver/mysql/fields.go:160.4,160.23 1 0
github.com/go-sql-driver/mysql/fields.go:162.3,162.25 1 0
github.com/go-sql-driver/mysql/fields.go:164.37,165.32 1 0
github.com/go-sql-driver/mysql/fields.go:165.32,166.34 1 0
github.com/go-sql-driver/mysql/fields.go:166.34,168.5 1 0
github.com/go-sql-driver/mysql/fields.go:169.4,169.24 1 0
github.com/go-sql-driver/mysql/fields.go:171.3,171.25 1 0
github.com/go-sql-driver/mysql/fields.go:173.37,174.32 1 0
github.com/go-sql-driver/mysql/fields.go:174.32,175.34 1 0
github.com/go-sql-driver/mysql/fields.go:175.34,177.5 1 0
github.com/go-sql-driver/mysql/fields.go:178.4,178.24 1 0
github.com/go-sql-driver/mysql/fields.go:180.3,180.25 1 0
github.com/go-sql-driver/mysql/fields.go:182.25,183.32 1 0
github.com/go-sql-driver/mysql/fields.go:183.32,184.34 1 0
github.com/go-sql-driver/mysql/fields.go:184.34,186.5 1 0
github.com/go-sql-driver/mysql/fields.go:187.4,187.24 1 0
github.com/go-sql-driver/mysql/fields.go:189.3,189.33 1 0
github.com/go-sql-driver/mysql/fields.go:189.33,191.4 1 0
github.com/go-sql-driver/mysql/fields.go:192.3,192.25 1 0
github.com/go-sql-driver/mysql/fields.go:194.22,195.32 1 0
github.com/go-sql-driver/mysql/fields.go:195.32,197.4 1 0
github.com/go-sql-driver/mysql/fields.go:198.3,198.27 1 0
github.com/go-sql-driver/mysql/fields.go:200.23,201.32 1 0
github.com/go-sql-driver/mysql/fields.go:201.32,203.4 1 0
github.com/go-sql-driver/mysql/fields.go:204.3,204.27 1 0
github.com/go-sql-driver/mysql/fields.go:207.90,208.38 1 0
github.com/go-sql-driver/mysql/fields.go:208.38,210.4 1 0
github.com/go-sql-driver/mysql/fields.go:211.3,211.14 1 0
github.com/go-sql-driver/mysql/fields.go:213.61,214.32 1 0
github.com/go-sql-driver/mysql/fields.go:214.32,216.4 1 0
github.com/go-sql-driver/mysql/fields.go:217.3,217.28 1 0
github.com/go-sql-driver/mysql/fields.go:220.41,223.26 1 0
github.com/go-sql-driver/mysql/fields.go:225.10,226.25 1 0
github.com/go-sql-driver/mysql/infile.go:36.41,39.25 2 0
github.com/go-sql-driver/mysql/infile.go:39.25,41.3 1 0
github.com/go-sql-driver/mysql/infile.go:43.2,44.27 2 0
github.com/go-sql-driver/mysql/infile.go:48.43,52.2 3 0
github.com/go-sql-driver/mysql/infile.go:68.67,71.27 2 0
github.com/go-sql-driver/mysql/infile.go:71.27,73.3 1 0
github.com/go-sql-driver/mysql/infile.go:75.2,76.29 2 0
github.com/go-sql-driver/mysql/infile.go:81.43,85.2 3 0
github.com/go-sql-driver/mysql/infile.go:87.50,89.17 2 0
github.com/go-sql-driver/mysql/infile.go:89.17,91.3 1 0
github.com/go-sql-driver/mysql/infile.go:96.67,100.89 3 0
github.com/go-sql-driver/mysql/infile.go:100.89,108.12 5 0
github.com/go-sql-driver/mysql/infile.go:108.12,110.18 2 0
github.com/go-sql-driver/mysql/infile.go:110.18,111.38 1 0
github.com/go-sql-driver/mysql/infile.go:111.38,113.6 1 0
github.com/go-sql-driver/mysql/infile.go:114.10,116.5 1 0
github.com/go-sql-driver/mysql/infile.go:117.9,119.4 1 0
github.com/go-sql-driver/mysql/infile.go:120.8,125.37 5 0
github.com/go-sql-driver/mysql/infile.go:125.37,129.45 3 0
github.com/go-sql-driver/mysql/infile.go:129.45,133.42 2 0
github.com/go-sql-driver/mysql/infile.go:133.42,135.59 2 0
github.com/go-sql-driver/mysql/infile.go:135.59,137.7 1 0
github.com/go-sql-driver/mysql/infile.go:140.9,142.4 1 0
github.com/go-sql-driver/mysql/infile.go:146.2,149.34 2 0
github.com/go-sql-driver/mysql/infile.go:149.34,152.18 3 0
github.com/go-sql-driver/mysql/infile.go:152.18,154.13 2 0
github.com/go-sql-driver/mysql/infile.go:154.13,155.65 1 0
github.com/go-sql-driver/mysql/infile.go:155.65,157.6 1 0
github.com/go-sql-driver/mysql/infile.go:160.3,160.20 1 0
github.com/go-sql-driver/mysql/infile.go:160.20,162.4 1 0
github.com/go-sql-driver/mysql/infile.go:166.2,166.17 1 0
github.com/go-sql-driver/mysql/infile.go:166.17,168.3 1 0
github.com/go-sql-driver/mysql/infile.go:169.2,169.60 1 0
github.com/go-sql-driver/mysql/infile.go:169.60,171.3 1 0
github.com/go-sql-driver/mysql/infile.go:172.2,175.16 2 0
github.com/go-sql-driver/mysql/infile.go:175.16,177.3 1 0
github.com/go-sql-driver/mysql/infile.go:179.2,180.12 2 0
github.com/go-sql-driver/mysql/nulltime.go:41.49,42.18 1 0
github.com/go-sql-driver/mysql/nulltime.go:42.18,45.3 2 0
github.com/go-sql-driver/mysql/nulltime.go:47.2,47.27 1 0
github.com/go-sql-driver/mysql/nulltime.go:48.17,50.9 2 0
github.com/go-sql-driver/mysql/nulltime.go:51.14,54.9 3 0
github.com/go-sql-driver/mysql/nulltime.go:55.14,58.9 3 0
github.com/go-sql-driver/mysql/nulltime.go:61.2,62.59 2 0
github.com/go-sql-driver/mysql/nulltime.go:66.50,67.15 1 0
github.com/go-sql-driver/mysql/nulltime.go:67.15,69.3 1 0
github.com/go-sql-driver/mysql/nulltime.go:70.2,70.21 1 0
github.com/go-sql-driver/mysql/packets.go:30.54,31.22 1 0
github.com/go-sql-driver/mysql/packets.go:31.22,33.17 2 0
github.com/go-sql-driver/mysql/packets.go:33.17,35.4 1 0
github.com/go-sql-driver/mysql/packets.go:37.2,37.32 1 0
github.com/go-sql-driver/mysql/packets.go:41.51,46.17 4 0
github.com/go-sql-driver/mysql/packets.go:46.17,48.3 1 0
github.com/go-sql-driver/mysql/packets.go:50.2,50.6 1 0
github.com/go-sql-driver/mysql/packets.go:50.6,53.17 2 0
github.com/go-sql-driver/mysql/packets.go:53.17,55.48 2 0
github.com/go-sql-driver/mysql/packets.go:55.48,57.5 1 0
github.com/go-sql-driver/mysql/packets.go:58.4,59.30 2 0
github.com/go-sql-driver/mysql/packets.go:63.3,67.25 3 0
github.com/go-sql-driver/mysql/packets.go:67.25,70.20 2 0
github.com/go-sql-driver/mysql/packets.go:70.20,72.26 1 0
github.com/go-sql-driver/mysql/packets.go:72.26,75.6 2 0
github.com/go-sql-driver/mysql/packets.go:76.5,76.27 1 0
github.com/go-sql-driver/mysql/packets.go:79.3,83.18 2 0
github.com/go-sql-driver/mysql/packets.go:83.18,85.23 1 0
github.com/go-sql-driver/mysql/packets.go:85.23,89.5 3 0
github.com/go-sql-driver/mysql/packets.go:90.4,90.24 1 0
github.com/go-sql-driver/mysql/packets.go:94.3,95.17 2 0
github.com/go-sql-driver/mysql/packets.go:95.17,97.48 2 0
github.com/go-sql-driver/mysql/packets.go:97.48,99.5 1 0
github.com/go-sql-driver/mysql/packets.go:100.4,101.30 2 0
github.com/go-sql-driver/mysql/packets.go:105.3,105.29 1 0
github.com/go-sql-driver/mysql/packets.go:105.29,107.23 1 0
github.com/go-sql-driver/mysql/packets.go:107.23,109.5 1 0
github.com/go-sql-driver/mysql/packets.go:110.4,110.23 1 0
github.com/go-sql-driver/mysql/packets.go:110.23,114.24 2 0
github.com/go-sql-driver/mysql/packets.go:114.24,116.6 1 0
github.com/go-sql-driver/mysql/packets.go:118.4,118.20 1 0
github.com/go-sql-driver/mysql/packets.go:121.3,121.39 1 0
github.com/go-sql-driver/mysql/packets.go:126.53,128.34 2 0
github.com/go-sql-driver/mysql/packets.go:128.34,130.3 1 0
github.com/go-sql-driver/mysql/packets.go:132.2,133.17 2 0
github.com/go-sql-driver/mysql/packets.go:133.17,135.3 1 0
github.com/go-sql-driver/mysql/packets.go:137.2,137.6 1 0
github.com/go-sql-driver/mysql/packets.go:137.6,143.12 4 0
github.com/go-sql-driver/mysql/packets.go:143.12,145.4 1 0
github.com/go-sql-driver/mysql/packets.go:147.3,148.17 2 0
github.com/go-sql-driver/mysql/packets.go:148.17,150.48 2 0
github.com/go-sql-driver/mysql/packets.go:150.48,152.5 1 0
github.com/go-sql-driver/mysql/packets.go:153.4,153.39 1 0
github.com/go-sql-driver/mysql/packets.go:153.39,157.5 2 0
github.com/go-sql-driver/mysql/packets.go:157.10,159.5 1 0
github.com/go-sql-driver/mysql/packets.go:161.3,161.18 1 0
github.com/go-sql-driver/mysql/packets.go:161.18,166.4 2 0
github.com/go-sql-driver/mysql/packets.go:168.3,169.28 2 0
github.com/go-sql-driver/mysql/packets.go:169.28,171.4 1 0
github.com/go-sql-driver/mysql/packets.go:172.3,173.21 2 0
github.com/go-sql-driver/mysql/packets.go:184.158,186.16 2 0
github.com/go-sql-driver/mysql/packets.go:186.16,188.3 1 0
github.com/go-sql-driver/mysql/packets.go:190.2,190.21 1 0
github.com/go-sql-driver/mysql/packets.go:190.21,193.3 2 0
github.com/go-sql-driver/mysql/packets.go:196.2,196.34 1 0
github.com/go-sql-driver/mysql/packets.go:196.34,202.3 1 0
github.com/go-sql-driver/mysql/packets.go:206.2,216.40 5 0
github.com/go-sql-driver/mysql/packets.go:216.40,218.3 1 0
github.com/go-sql-driver/mysql/packets.go:219.2,219.54 1 0
github.com/go-sql-driver/mysql/packets.go:219.54,220.38 1 0
github.com/go-sql-driver/mysql/packets.go:220.38,222.4 1 0
github.com/go-sql-driver/mysql/packets.go:222.9,224.4 1 0
github.com/go-sql-driver/mysql/packets.go:226.2,228.21 2 0
github.com/go-sql-driver/mysql/packets.go:228.21,238.36 5 0
github.com/go-sql-driver/mysql/packets.go:238.36,241.4 1 0
github.com/go-sql-driver/mysql/packets.go:242.3,261.58 4 0
github.com/go-sql-driver/mysql/packets.go:261.58,263.4 1 0
github.com/go-sql-driver/mysql/packets.go:263.9,265.4 1 0
github.com/go-sql-driver/mysql/packets.go:268.3,270.63 3 0
github.com/go-sql-driver/mysql/packets.go:274.2,276.43 3 0
github.com/go-sql-driver/mysql/packets.go:280.133,294.25 2 0
github.com/go-sql-driver/mysql/packets.go:294.25,296.3 1 0
github.com/go-sql-driver/mysql/packets.go:297.2,297.18 1 0
github.com/go-sql-driver/mysql/packets.go:297.18,299.3 1 0
github.com/go-sql-driver/mysql/packets.go:301.2,301.23 1 0
github.com/go-sql-driver/mysql/packets.go:301.23,303.3 1 0
github.com/go-sql-driver/mysql/packets.go:305.2,305.28 1 0
github.com/go-sql-driver/mysql/packets.go:305.28,307.3 1 0
github.com/go-sql-driver/mysql/packets.go:308.2,308.33 1 0
github.com/go-sql-driver/mysql/packets.go:308.33,310.3 1 0
github.com/go-sql-driver/mysql/packets.go:313.2,316.66 2 0
github.com/go-sql-driver/mysql/packets.go:321.89,328.16 2 0
github.com/go-sql-driver/mysql/packets.go:328.16,331.3 2 0
github.com/go-sql-driver/mysql/packets.go:332.2,342.44 5 0
github.com/go-sql-driver/mysql/packets.go:342.44,344.9 2 0
github.com/go-sql-driver/mysql/packets.go:344.9,346.4 1 0
github.com/go-sql-driver/mysql/packets.go:346.9,346.38 1 0
github.com/go-sql-driver/mysql/packets.go:346.38,349.4 1 0
github.com/go-sql-driver/mysql/packets.go:354.2,355.38 2 0
github.com/go-sql-driver/mysql/packets.go:355.38,356.28 1 0
github.com/go-sql-driver/mysql/packets.go:356.28,358.4 1 0
github.com/go-sql-driver/mysql/packets.go:360.3,360.74 1 0
github.com/go-sql-driver/mysql/packets.go:361.8,362.28 1 0
github.com/go-sql-driver/mysql/packets.go:362.28,364.4 1 0
github.com/go-sql-driver/mysql/packets.go:370.2,370.23 1 0
github.com/go-sql-driver/mysql/packets.go:370.23,372.46 1 0
github.com/go-sql-driver/mysql/packets.go:372.46,374.4 1 0
github.com/go-sql-driver/mysql/packets.go:377.3,378.45 2 0
github.com/go-sql-driver/mysql/packets.go:378.45,379.48 1 0
github.com/go-sql-driver/mysql/packets.go:379.48,381.5 1 0
github.com/go-sql-driver/mysql/packets.go:382.4,382.14 1 0
github.com/go-sql-driver/mysql/packets.go:384.3,384.23 1 0
github.com/go-sql-driver/mysql/packets.go:388.2,388.26 1 0
github.com/go-sql-driver/mysql/packets.go:388.26,390.3 1 0
github.com/go-sql-driver/mysql/packets.go:391.2,398.46 4 0
github.com/go-sql-driver/mysql/packets.go:398.46,401.3 2 0
github.com/go-sql-driver/mysql/packets.go:403.2,407.45 3 0
github.com/go-sql-driver/mysql/packets.go:407.45,411.3 3 0
github.com/go-sql-driver/mysql/packets.go:414.2,414.29 1 0
github.com/go-sql-driver/mysql/packets.go:418.67,421.16 3 0
github.com/go-sql-driver/mysql/packets.go:421.16,424.3 2 0
github.com/go-sql-driver/mysql/packets.go:427.2,428.29 2 0
github.com/go-sql-driver/mysql/packets.go:435.61,440.16 3 0
github.com/go-sql-driver/mysql/packets.go:440.16,442.3 1 0
github.com/go-sql-driver/mysql/packets.go:445.2,450.12 4 0
github.com/go-sql-driver/mysql/packets.go:453.76,459.16 4 0
github.com/go-sql-driver/mysql/packets.go:459.16,461.3 1 0
github.com/go-sql-driver/mysql/packets.go:464.2,472.12 5 0
github.com/go-sql-driver/mysql/packets.go:475.79,480.16 3 0
github.com/go-sql-driver/mysql/packets.go:480.16,482.3 1 0
github.com/go-sql-driver/mysql/packets.go:485.2,493.12 5 0
github.com/go-sql-driver/mysql/packets.go:500.63,502.16 2 0
github.com/go-sql-driver/mysql/packets.go:502.16,504.3 1 0
github.com/go-sql-driver/mysql/packets.go:507.2,507.17 1 0
github.com/go-sql-driver/mysql/packets.go:509.11,512.60 1 0
github.com/go-sql-driver/mysql/packets.go:514.21,515.27 1 0
github.com/go-sql-driver/mysql/packets.go:517.12,518.21 1 0
github.com/go-sql-driver/mysql/packets.go:518.21,521.4 1 0
github.com/go-sql-driver/mysql/packets.go:522.3,523.25 2 0
github.com/go-sql-driver/mysql/packets.go:523.25,525.4 1 0
github.com/go-sql-driver/mysql/packets.go:526.3,528.58 3 0
github.com/go-sql-driver/mysql/packets.go:528.58,530.4 1 0
github.com/go-sql-driver/mysql/packets.go:531.3,531.31 1 0
github.com/go-sql-driver/mysql/packets.go:533.10,534.45 1 0
github.com/go-sql-driver/mysql/packets.go:539.43,541.16 2 0
github.com/go-sql-driver/mysql/packets.go:541.16,543.3 1 0
github.com/go-sql-driver/mysql/packets.go:545.2,545.20 1 0
github.com/go-sql-driver/mysql/packets.go:545.20,547.3 1 0
github.com/go-sql-driver/mysql/packets.go:548.2,548.42 1 0
github.com/go-sql-driver/mysql/packets.go:553.69,559.16 4 0
github.com/go-sql-driver/mysql/packets.go:559.16,561.3 1 0
github.com/go-sql-driver/mysql/packets.go:563.2,563.17 1 0
github.com/go-sql-driver/mysql/packets.go:564.11,565.43 1 0
github.com/go-sql-driver/mysql/packets.go:567.12,568.53 1 0
github.com/go-sql-driver/mysql/packets.go:570.20,571.60 1 0
github.com/go-sql-driver/mysql/packets.go:577.2,579.49 2 0
github.com/go-sql-driver/mysql/packets.go:579.49,581.3 1 0
github.com/go-sql-driver/mysql/packets.go:583.2,583.28 1 0
github.com/go-sql-driver/mysql/packets.go:588.59,589.21 1 0
github.com/go-sql-driver/mysql/packets.go:589.21,591.3 1 0
github.com/go-sql-driver/mysql/packets.go:596.2,601.80 2 0
github.com/go-sql-driver/mysql/packets.go:601.80,613.3 2 0
github.com/go-sql-driver/mysql/packets.go:615.2,620.21 3 0
github.com/go-sql-driver/mysql/packets.go:620.21,623.3 2 0
github.com/go-sql-driver/mysql/packets.go:626.2,628.11 2 0
github.com/go-sql-driver/mysql/packets.go:631.38,633.2 1 0
github.com/go-sql-driver/mysql/packets.go:638.51,640.2 1 0
github.com/go-sql-driver/mysql/packets.go:655.40,657.2 1 0
github.com/go-sql-driver/mysql/packets.go:663.47,666.2 2 0
github.com/go-sql-driver/mysql/packets.go:670.56,684.37 5 0
github.com/go-sql-driver/mysql/packets.go:684.37,686.3 1 0
github.com/go-sql-driver/mysql/packets.go:687.2,687.34 1 0
github.com/go-sql-driver/mysql/packets.go:687.34,689.3 1 0
github.com/go-sql-driver/mysql/packets.go:692.2,693.44 2 0
github.com/go-sql-driver/mysql/packets.go:693.44,695.3 1 0
github.com/go-sql-driver/mysql/packets.go:699.2,699.12 1 0
github.com/go-sql-driver/mysql/packets.go:704.85,706.23 2 0
github.com/go-sql-driver/mysql/packets.go:706.23,708.3 1 0
github.com/go-sql-driver/mysql/packets.go:710.2,710.23 1 0
github.com/go-sql-driver/mysql/packets.go:710.23,712.17 2 0
github.com/go-sql-driver/mysql/packets.go:712.17,714.4 1 0
github.com/go-sql-driver/mysql/packets.go:717.3,718.17 2 0
github.com/go-sql-driver/mysql/packets.go:718.17,720.4 1 0
github.com/go-sql-driver/mysql/packets.go:723.3,724.17 2 0
github.com/go-sql-driver/mysql/packets.go:724.17,726.4 1 0
github.com/go-sql-driver/mysql/packets.go:727.3,730.30 2 0
github.com/go-sql-driver/mysql/packets.go:730.30,732.18 2 0
github.com/go-sql-driver/mysql/packets.go:732.18,734.5 1 0
github.com/go-sql-driver/mysql/packets.go:735.4,736.59 2 0
github.com/go-sql-driver/mysql/packets.go:736.59,739.5 1 0
github.com/go-sql-driver/mysql/packets.go:739.10,741.5 1 0
github.com/go-sql-driver/mysql/packets.go:742.9,744.18 2 0
github.com/go-sql-driver/mysql/packets.go:744.18,746.5 1 0
github.com/go-sql-driver/mysql/packets.go:747.4,747.12 1 0
github.com/go-sql-driver/mysql/packets.go:751.3,752.17 2 0
github.com/go-sql-driver/mysql/packets.go:752.17,754.4 1 0
github.com/go-sql-driver/mysql/packets.go:755.3,759.17 3 0
github.com/go-sql-driver/mysql/packets.go:759.17,761.4 1 0
github.com/go-sql-driver/mysql/packets.go:762.3,762.48 1 0
github.com/go-sql-driver/mysql/packets.go:762.48,765.4 1 0
github.com/go-sql-driver/mysql/packets.go:765.9,767.4 1 0
github.com/go-sql-driver/mysql/packets.go:768.3,772.17 3 0
github.com/go-sql-driver/mysql/packets.go:772.17,774.4 1 0
github.com/go-sql-driver/mysql/packets.go:775.3,797.34 11 0
github.com/go-sql-driver/mysql/packets.go:801.2,801.37 1 0
github.com/go-sql-driver/mysql/packets.go:801.37,803.3 1 0
github.com/go-sql-driver/mysql/packets.go:804.2,804.21 1 0
github.com/go-sql-driver/mysql/packets.go:809.58,812.18 2 0
github.com/go-sql-driver/mysql/packets.go:812.18,814.3 1 0
github.com/go-sql-driver/mysql/packets.go:816.2,817.16 2 0
github.com/go-sql-driver/mysql/packets.go:817.16,819.3 1 0
github.com/go-sql-driver/mysql/packets.go:825.2,825.46 1 0
github.com/go-sql-driver/mysql/packets.go:825.46,826.46 1 0
github.com/go-sql-driver/mysql/packets.go:826.46,830.4 1 0
github.com/go-sql-driver/mysql/packets.go:830.9,835.4 3 0
github.com/go-sql-driver/mysql/packets.go:836.3,837.31 2 0
github.com/go-sql-driver/mysql/packets.go:837.31,839.4 1 0
github.com/go-sql-driver/mysql/packets.go:840.3,840.16 1 0
github.com/go-sql-driver/mysql/packets.go:842.2,842.21 1 0
github.com/go-sql-driver/mysql/packets.go:842.21,845.3 2 0
github.com/go-sql-driver/mysql/packets.go:848.2,854.22 2 0
github.com/go-sql-driver/mysql/packets.go:854.22,860.17 4 0
github.com/go-sql-driver/mysql/packets.go:860.17,862.4 1 0
github.com/go-sql-driver/mysql/packets.go:864.3,864.13 1 0
github.com/go-sql-driver/mysql/packets.go:864.13,866.12 2 0
github.com/go-sql-driver/mysql/packets.go:869.3,869.39 1 0
github.com/go-sql-driver/mysql/packets.go:873.21,874.20 1 0
github.com/go-sql-driver/mysql/packets.go:874.20,876.5 1 0
github.com/go-sql-driver/mysql/packets.go:876.10,878.5 1 0
github.com/go-sql-driver/mysql/packets.go:880.84,881.56 1 0
github.com/go-sql-driver/mysql/packets.go:883.26,884.50 1 0
github.com/go-sql-driver/mysql/packets.go:884.50,886.5 1 0
github.com/go-sql-driver/mysql/packets.go:886.10,888.5 1 0
github.com/go-sql-driver/mysql/packets.go:890.23,893.24 3 0
github.com/go-sql-driver/mysql/packets.go:895.24,896.54 1 0
github.com/go-sql-driver/mysql/packets.go:898.11,899.17 1 0
github.com/go-sql-driver/mysql/packets.go:901.3,901.17 1 0
github.com/go-sql-driver/mysql/packets.go:901.17,903.4 1 0
github.com/go-sql-driver/mysql/packets.go:906.2,906.12 1 0
github.com/go-sql-driver/mysql/packets.go:909.47,910.25 1 0
github.com/go-sql-driver/mysql/packets.go:910.25,911.44 1 0
github.com/go-sql-driver/mysql/packets.go:911.44,913.4 1 0
github.com/go-sql-driver/mysql/packets.go:915.2,915.12 1 0
github.com/go-sql-driver/mysql/packets.go:919.38,920.45 1 0
github.com/go-sql-driver/mysql/packets.go:920.45,921.44 1 0
github.com/go-sql-driver/mysql/packets.go:921.44,923.4 1 0
github.com/go-sql-driver/mysql/packets.go:925.2,925.12 1 0
github.com/go-sql-driver/mysql/packets.go:928.47,929.42 1 0
github.com/go-sql-driver/mysql/packets.go:929.42,931.3 1 0
github.com/go-sql-driver/mysql/packets.go:932.2,932.21 1 0
github.com/go-sql-driver/mysql/packets.go:936.39,937.6 1 0
github.com/go-sql-driver/mysql/packets.go:937.6,939.17 2 0
github.com/go-sql-driver/mysql/packets.go:939.17,941.4 1 0
github.com/go-sql-driver/mysql/packets.go:943.3,943.18 1 0
github.com/go-sql-driver/mysql/packets.go:944.13,945.37 1 0
github.com/go-sql-driver/mysql/packets.go:946.13,949.29 1 0
github.com/go-sql-driver/mysql/packets.go:949.29,950.48 1 0
github.com/go-sql-driver/mysql/packets.go:950.48,953.6 1 0
github.com/go-sql-driver/mysql/packets.go:953.11,958.6 3 0
github.com/go-sql-driver/mysql/packets.go:959.5,959.15 1 0
github.com/go-sql-driver/mysql/packets.go:971.66,973.16 2 0
github.com/go-sql-driver/mysql/packets.go:973.16,975.21 1 0
github.com/go-sql-driver/mysql/packets.go:975.21,977.4 1 0
github.com/go-sql-driver/mysql/packets.go:980.3,992.26 4 0
github.com/go-sql-driver/mysql/packets.go:994.2,994.15 1 0
github.com/go-sql-driver/mysql/packets.go:998.76,1015.68 6 0
github.com/go-sql-driver/mysql/packets.go:1015.68,1016.33 1 0
github.com/go-sql-driver/mysql/packets.go:1016.33,1018.4 1 0
github.com/go-sql-driver/mysql/packets.go:1021.3,1033.17 6 0
github.com/go-sql-driver/mysql/packets.go:1033.17,1035.12 2 0
github.com/go-sql-driver/mysql/packets.go:1037.3,1037.13 1 0
github.com/go-sql-driver/mysql/packets.go:1040.2,1040.12 1 0
github.com/go-sql-driver/mysql/packets.go:1045.70,1046.34 1 0
github.com/go-sql-driver/mysql/packets.go:1046.34,1052.3 1 0
github.com/go-sql-driver/mysql/packets.go:1054.2,1066.20 7 0
github.com/go-sql-driver/mysql/packets.go:1066.20,1068.3 1 0
github.com/go-sql-driver/mysql/packets.go:1068.8,1071.3 1 0
github.com/go-sql-driver/mysql/packets.go:1072.2,1072.16 1 0
github.com/go-sql-driver/mysql/packets.go:1072.16,1074.3 1 0
github.com/go-sql-driver/mysql/packets.go:1077.2,1088.19 5 0
github.com/go-sql-driver/mysql/packets.go:1088.19,1092.93 3 0
github.com/go-sql-driver/mysql/packets.go:1092.93,1103.4 5 0
github.com/go-sql-driver/mysql/packets.go:1103.9,1105.28 2 0
github.com/go-sql-driver/mysql/packets.go:1105.28,1107.5 1 0
github.com/go-sql-driver/mysql/packets.go:1108.4,1108.18 1 0
github.com/go-sql-driver/mysql/packets.go:1112.3,1123.28 7 0
github.com/go-sql-driver/mysql/packets.go:1123.28,1125.18 1 0
github.com/go-sql-driver/mysql/packets.go:1125.18,1129.13 4 0
github.com/go-sql-driver/mysql/packets.go:1132.4,1132.42 1 0
github.com/go-sql-driver/mysql/packets.go:1132.42,1134.5 1 0
github.com/go-sql-driver/mysql/packets.go:1136.4,1136.27 1 0
github.com/go-sql-driver/mysql/packets.go:1137.15,1140.75 3 0
github.com/go-sql-driver/mysql/packets.go:1142.16,1145.75 3 0
github.com/go-sql-driver/mysql/packets.go:1147.17,1150.85 3 0
github.com/go-sql-driver/mysql/packets.go:1152.14,1156.10 3 0
github.com/go-sql-driver/mysql/packets.go:1156.10,1158.6 1 0
github.com/go-sql-driver/mysql/packets.go:1158.11,1160.6 1 0
github.com/go-sql-driver/mysql/packets.go:1162.16,1164.17 1 0
github.com/go-sql-driver/mysql/packets.go:1164.17,1168.31 3 0
github.com/go-sql-driver/mysql/packets.go:1168.31,1173.7 2 0
github.com/go-sql-driver/mysql/packets.go:1173.12,1174.61 1 0
github.com/go-sql-driver/mysql/packets.go:1174.61,1176.8 1 0
github.com/go-sql-driver/mysql/packets.go:1178.6,1178.14 1 0
github.com/go-sql-driver/mysql/packets.go:1182.5,1184.29 3 0
github.com/go-sql-driver/mysql/packets.go:1186.16,1190.30 3 0
github.com/go-sql-driver/mysql/packets.go:1190.30,1195.6 2 0
github.com/go-sql-driver/mysql/packets.go:1195.11,1196.68 1 0
github.com/go-sql-driver/mysql/packets.go:1196.68,1198.7 1 0
github.com/go-sql-driver/mysql/packets.go:1201.19,1208.19 5 0
github.com/go-sql-driver/mysql/packets.go:1208.19,1210.6 1 0
github.com/go-sql-driver/mysql/packets.go:1210.11,1212.20 2 0
github.com/go-sql-driver/mysql/packets.go:1212.20,1214.7 1 0
github.com/go-sql-driver/mysql/packets.go:1217.5,1220.44 2 0
github.com/go-sql-driver/mysql/packets.go:1222.12,1223.54 1 0
github.com/go-sql-driver/mysql/packets.go:1229.3,1229.36 1 0
github.com/go-sql-driver/mysql/packets.go:1229.36,1232.4 2 0
github.com/go-sql-driver/mysql/packets.go:1234.3,1235.20 2 0
github.com/go-sql-driver/mysql/packets.go:1238.2,1240.12 3 0
github.com/go-sql-driver/mysql/packets.go:1245.45,1246.45 1 0
github.com/go-sql-driver/mysql/packets.go:1246.45,1248.17 2 0
github.com/go-sql-driver/mysql/packets.go:1248.17,1250.4 1 0
github.com/go-sql-driver/mysql/packets.go:1251.3,1251.17 1 0
github.com/go-sql-driver/mysql/packets.go:1251.17,1253.56 1 0
github.com/go-sql-driver/mysql/packets.go:1253.56,1255.5 1 0
github.com/go-sql-driver/mysql/packets.go:1257.4,1257.47 1 0
github.com/go-sql-driver/mysql/packets.go:1257.47,1259.5 1 0
github.com/go-sql-driver/mysql/packets.go:1262.2,1262.12 1 0
github.com/go-sql-driver/mysql/packets.go:1266.60,1268.16 2 0
github.com/go-sql-driver/mysql/packets.go:1268.16,1270.3 1 0
github.com/go-sql-driver/mysql/packets.go:1273.2,1273.20 1 0
github.com/go-sql-driver/mysql/packets.go:1273.20,1275.22 1 0
github.com/go-sql-driver/mysql/packets.go:1275.22,1276.52 1 0
github.com/go-sql-driver/mysql/packets.go:1276.52,1279.5 1 0
github.com/go-sql-driver/mysql/packets.go:1279.10,1284.5 3 0
github.com/go-sql-driver/mysql/packets.go:1285.4,1286.32 2 0
github.com/go-sql-driver/mysql/packets.go:1286.32,1288.5 1 0
github.com/go-sql-driver/mysql/packets.go:1289.4,1289.17 1 0
github.com/go-sql-driver/mysql/packets.go:1291.3,1295.36 3 0
github.com/go-sql-driver/mysql/packets.go:1299.2,1302.22 3 0
github.com/go-sql-driver/mysql/packets.go:1302.22,1305.55 1 0
github.com/go-sql-driver/mysql/packets.go:1305.55,1307.12 2 0
github.com/go-sql-driver/mysql/packets.go:1311.3,1311.39 1 0
github.com/go-sql-driver/mysql/packets.go:1312.22,1314.12 2 0
github.com/go-sql-driver/mysql/packets.go:1317.22,1318.50 1 0
github.com/go-sql-driver/mysql/packets.go:1318.50,1320.5 1 0
github.com/go-sql-driver/mysql/packets.go:1320.10,1322.5 1 0
github.com/go-sql-driver/mysql/packets.go:1323.4,1324.12 2 0
github.com/go-sql-driver/mysql/packets.go:1326.38,1327.50 1 0
github.com/go-sql-driver/mysql/packets.go:1327.50,1329.5 1 0
github.com/go-sql-driver/mysql/packets.go:1329.10,1331.5 1 0
github.com/go-sql-driver/mysql/packets.go:1332.4,1333.12 2 0
github.com/go-sql-driver/mysql/packets.go:1335.38,1336.50 1 0
github.com/go-sql-driver/mysql/packets.go:1336.50,1338.5 1 0
github.com/go-sql-driver/mysql/packets.go:1338.10,1340.5 1 0
github.com/go-sql-driver/mysql/packets.go:1341.4,1342.12 2 0
github.com/go-sql-driver/mysql/packets.go:1344.26,1345.50 1 0
github.com/go-sql-driver/mysql/packets.go:1345.50,1347.28 2 0
github.com/go-sql-driver/mysql/packets.go:1347.28,1349.6 1 0
github.com/go-sql-driver/mysql/packets.go:1349.11,1351.6 1 0
github.com/go-sql-driver/mysql/packets.go:1352.10,1354.5 1 0
github.com/go-sql-driver/mysql/packets.go:1355.4,1356.12 2 0
github.com/go-sql-driver/mysql/packets.go:1358.23,1361.12 3 0
github.com/go-sql-driver/mysql/packets.go:1363.24,1366.12 3 0
github.com/go-sql-driver/mysql/packets.go:1373.20,1378.18 5 0
github.com/go-sql-driver/mysql/packets.go:1378.18,1379.16 1 0
github.com/go-sql-driver/mysql/packets.go:1379.16,1380.14 1 0
github.com/go-sql-driver/mysql/packets.go:1381.11,1383.14 2 0
github.com/go-sql-driver/mysql/packets.go:1386.4,1386.14 1 0
github.com/go-sql-driver/mysql/packets.go:1391.42,1396.11 3 0
github.com/go-sql-driver/mysql/packets.go:1397.16,1399.13 2 0
github.com/go-sql-driver/mysql/packets.go:1400.55,1403.62 2 0
github.com/go-sql-driver/mysql/packets.go:1404.21,1405.16 1 0
github.com/go-sql-driver/mysql/packets.go:1406.27,1407.31 1 0
github.com/go-sql-driver/mysql/packets.go:1408.13,1412.7 1 0
github.com/go-sql-driver/mysql/packets.go:1414.5,1414.68 1 0
github.com/go-sql-driver/mysql/packets.go:1415.27,1416.73 1 0
github.com/go-sql-driver/mysql/packets.go:1417.12,1419.54 2 0
github.com/go-sql-driver/mysql/packets.go:1419.54,1421.6 1 0
github.com/go-sql-driver/mysql/packets.go:1421.11,1422.63 1 0
github.com/go-sql-driver/mysql/packets.go:1423.22,1424.18 1 0
github.com/go-sql-driver/mysql/packets.go:1425.28,1426.33 1 0
github.com/go-sql-driver/mysql/packets.go:1427.14,1431.8 1 0
github.com/go-sql-driver/mysql/packets.go:1434.5,1434.72 1 0
github.com/go-sql-driver/mysql/packets.go:1437.4,1437.18 1 0
github.com/go-sql-driver/mysql/packets.go:1437.18,1439.13 2 0
github.com/go-sql-driver/mysql/packets.go:1440.10,1442.5 1 0
github.com/go-sql-driver/mysql/packets.go:1445.11,1446.76 1 0
github.com/go-sql-driver/mysql/packets.go:1450.2,1450.12 1 0
github.com/go-sql-driver/mysql/result.go:38.55,40.2 1 0
github.com/go-sql-driver/mysql/result.go:42.55,44.2 1 0
github.com/go-sql-driver/mysql/result.go:46.52,48.2 1 0
github.com/go-sql-driver/mysql/result.go:50.51,52.2 1 0
github.com/go-sql-driver/mysql/rows.go:38.43,39.32 1 0
github.com/go-sql-driver/mysql/rows.go:39.32,41.3 1 0
github.com/go-sql-driver/mysql/rows.go:43.2,44.52 2 0
github.com/go-sql-driver/mysql/rows.go:44.52,45.26 1 0
github.com/go-sql-driver/mysql/rows.go:45.26,46.69 1 0
github.com/go-sql-driver/mysql/rows.go:46.69,48.5 1 0
github.com/go-sql-driver/mysql/rows.go:48.10,50.5 1 0
github.com/go-sql-driver/mysql/rows.go:52.8,53.26 1 0
github.com/go-sql-driver/mysql/rows.go:53.26,55.4 1 0
github.com/go-sql-driver/mysql/rows.go:58.2,59.16 2 0
github.com/go-sql-driver/mysql/rows.go:62.65,64.2 1 0
github.com/go-sql-driver/mysql/rows.go:70.70,72.2 1 0
github.com/go-sql-driver/mysql/rows.go:74.77,78.26 3 0
github.com/go-sql-driver/mysql/rows.go:79.45,80.19 1 0
github.com/go-sql-driver/mysql/rows.go:80.19,82.4 1 0
github.com/go-sql-driver/mysql/rows.go:83.3,83.50 1 0
github.com/go-sql-driver/mysql/rows.go:84.60,85.34 1 0
github.com/go-sql-driver/mysql/rows.go:86.39,87.23 1 0
github.com/go-sql-driver/mysql/rows.go:87.23,89.4 1 0
github.com/go-sql-driver/mysql/rows.go:90.3,90.39 1 0
github.com/go-sql-driver/mysql/rows.go:93.2,93.20 1 0
github.com/go-sql-driver/mysql/rows.go:96.63,98.2 1 0
github.com/go-sql-driver/mysql/rows.go:100.44,101.32 1 0
github.com/go-sql-driver/mysql/rows.go:101.32,104.3 2 0
github.com/go-sql-driver/mysql/rows.go:106.2,107.15 2 0
github.com/go-sql-driver/mysql/rows.go:107.15,109.3 1 0
github.com/go-sql-driver/mysql/rows.go:110.2,110.35 1 0
github.com/go-sql-driver/mysql/rows.go:110.35,112.3 1 0
github.com/go-sql-driver/mysql/rows.go:115.2,115.19 1 0
github.com/go-sql-driver/mysql/rows.go:115.19,117.3 1 0
github.com/go-sql-driver/mysql/rows.go:118.2,118.16 1 0
github.com/go-sql-driver/mysql/rows.go:118.16,120.50 2 0
github.com/go-sql-driver/mysql/rows.go:120.50,122.4 1 0
github.com/go-sql-driver/mysql/rows.go:125.2,126.12 2 0
github.com/go-sql-driver/mysql/rows.go:129.52,130.20 1 0
github.com/go-sql-driver/mysql/rows.go:130.20,132.3 1 0
github.com/go-sql-driver/mysql/rows.go:133.2,133.52 1 0
github.com/go-sql-driver/mysql/rows.go:136.53,137.20 1 0
github.com/go-sql-driver/mysql/rows.go:137.20,139.3 1 0
github.com/go-sql-driver/mysql/rows.go:140.2,140.40 1 0
github.com/go-sql-driver/mysql/rows.go:140.40,142.3 1 0
github.com/go-sql-driver/mysql/rows.go:145.2,145.19 1 0
github.com/go-sql-driver/mysql/rows.go:145.19,146.44 1 0
github.com/go-sql-driver/mysql/rows.go:146.44,148.4 1 0
github.com/go-sql-driver/mysql/rows.go:149.3,149.22 1 0
github.com/go-sql-driver/mysql/rows.go:152.2,152.30 1 0
github.com/go-sql-driver/mysql/rows.go:152.30,155.3 2 0
github.com/go-sql-driver/mysql/rows.go:156.2,160.16 3 0
github.com/go-sql-driver/mysql/rows.go:160.16,164.3 2 0
github.com/go-sql-driver/mysql/rows.go:165.2,165.20 1 0
github.com/go-sql-driver/mysql/rows.go:168.61,169.6 1 0
github.com/go-sql-driver/mysql/rows.go:169.6,171.17 2 0
github.com/go-sql-driver/mysql/rows.go:171.17,173.4 1 0
github.com/go-sql-driver/mysql/rows.go:175.3,175.17 1 0
github.com/go-sql-driver/mysql/rows.go:175.17,177.4 1 0
github.com/go-sql-driver/mysql/rows.go:179.3,179.22 1 0
github.com/go-sql-driver/mysql/rows.go:183.47,185.16 2 0
github.com/go-sql-driver/mysql/rows.go:185.16,187.3 1 0
github.com/go-sql-driver/mysql/rows.go:189.2,190.12 2 0
github.com/go-sql-driver/mysql/rows.go:193.57,194.30 1 0
github.com/go-sql-driver/mysql/rows.go:194.30,195.36 1 0
github.com/go-sql-driver/mysql/rows.go:195.36,197.4 1 0
github.com/go-sql-driver/mysql/rows.go:200.3,200.28 1 0
github.com/go-sql-driver/mysql/rows.go:202.2,202.15 1 0
github.com/go-sql-driver/mysql/rows.go:205.51,207.16 2 0
github.com/go-sql-driver/mysql/rows.go:207.16,209.3 1 0
github.com/go-sql-driver/mysql/rows.go:211.2,212.12 2 0
github.com/go-sql-driver/mysql/rows.go:215.55,216.30 1 0
github.com/go-sql-driver/mysql/rows.go:216.30,217.36 1 0
github.com/go-sql-driver/mysql/rows.go:217.36,219.4 1 0
github.com/go-sql-driver/mysql/rows.go:222.3,222.28 1 0
github.com/go-sql-driver/mysql/rows.go:224.2,224.15 1 0
github.com/go-sql-driver/mysql/statement.go:26.38,27.45 1 0
github.com/go-sql-driver/mysql/statement.go:27.45,34.3 1 0
github.com/go-sql-driver/mysql/statement.go:36.2,38.12 3 0
github.com/go-sql-driver/mysql/statement.go:41.39,43.2 1 0
github.com/go-sql-driver/mysql/statement.go:45.71,47.2 1 0
github.com/go-sql-driver/mysql/statement.go:49.75,52.2 2 0
github.com/go-sql-driver/mysql/statement.go:54.73,55.27 1 0
github.com/go-sql-driver/mysql/statement.go:55.27,57.3 1 0
github.com/go-sql-driver/mysql/statement.go:59.2,60.16 2 0
github.com/go-sql-driver/mysql/statement.go:60.16,62.3 1 0
github.com/go-sql-driver/mysql/statement.go:64.2,69.16 4 0
github.com/go-sql-driver/mysql/statement.go:69.16,71.3 1 0
github.com/go-sql-driver/mysql/statement.go:73.2,73.16 1 0
github.com/go-sql-driver/mysql/statement.go:73.16,75.74 1 0
github.com/go-sql-driver/mysql/statement.go:75.74,77.76 1 0
github.com/go-sql-driver/mysql/statement.go:77.76,79.5 1 0
github.com/go-sql-driver/mysql/statement.go:80.9,81.48 1 0
github.com/go-sql-driver/mysql/statement.go:81.48,83.5 1 0
github.com/go-sql-driver/mysql/statement.go:87.3,87.38 1 0
github.com/go-sql-driver/mysql/statement.go:87.38,89.4 1 0
github.com/go-sql-driver/mysql/statement.go:92.2,92.50 1 0
github.com/go-sql-driver/mysql/statement.go:92.50,94.3 1 0
github.com/go-sql-driver/mysql/statement.go:96.2,97.21 2 0
github.com/go-sql-driver/mysql/statement.go:100.72,102.2 1 0
github.com/go-sql-driver/mysql/statement.go:104.72,105.27 1 0
github.com/go-sql-driver/mysql/statement.go:105.27,107.3 1 0
github.com/go-sql-driver/mysql/statement.go:109.2,110.16 2 0
github.com/go-sql-driver/mysql/statement.go:110.16,112.3 1 0
github.com/go-sql-driver/mysql/statement.go:114.2,119.16 4 0
github.com/go-sql-driver/mysql/statement.go:119.16,121.3 1 0
github.com/go-sql-driver/mysql/statement.go:123.2,125.16 2 0
github.com/go-sql-driver/mysql/statement.go:125.16,127.22 2 0
github.com/go-sql-driver/mysql/statement.go:127.22,128.79 1 0
github.com/go-sql-driver/mysql/statement.go:128.79,130.5 1 0
github.com/go-sql-driver/mysql/statement.go:131.4,131.34 1 0
github.com/go-sql-driver/mysql/statement.go:132.9,133.38 1 0
github.com/go-sql-driver/mysql/statement.go:133.38,135.5 1 0
github.com/go-sql-driver/mysql/statement.go:136.4,136.34 1 0
github.com/go-sql-driver/mysql/statement.go:138.8,141.43 2 0
github.com/go-sql-driver/mysql/statement.go:142.20,143.20 1 0
github.com/go-sql-driver/mysql/statement.go:144.11,145.19 1 0
github.com/go-sql-driver/mysql/statement.go:149.2,149.18 1 0
github.com/go-sql-driver/mysql/statement.go:161.62,162.23 1 0
github.com/go-sql-driver/mysql/statement.go:162.23,164.3 1 0
github.com/go-sql-driver/mysql/statement.go:166.2,166.37 1 0
github.com/go-sql-driver/mysql/statement.go:166.37,168.17 2 0
github.com/go-sql-driver/mysql/statement.go:168.17,170.4 1 0
github.com/go-sql-driver/mysql/statement.go:171.3,171.25 1 0
github.com/go-sql-driver/mysql/statement.go:171.25,173.4 1 0
github.com/go-sql-driver/mysql/statement.go:177.3,177.31 1 0
github.com/go-sql-driver/mysql/statement.go:177.31,179.4 1 0
github.com/go-sql-driver/mysql/statement.go:180.3,180.70 1 0
github.com/go-sql-driver/mysql/statement.go:182.2,183.19 2 0
github.com/go-sql-driver/mysql/statement.go:184.19,186.17 1 0
github.com/go-sql-driver/mysql/statement.go:186.17,188.4 1 0
github.com/go-sql-driver/mysql/statement.go:188.9,190.4 1 0
github.com/go-sql-driver/mysql/statement.go:191.78,192.23 1 0
github.com/go-sql-driver/mysql/statement.go:193.83,194.24 1 0
github.com/go-sql-driver/mysql/statement.go:195.40,196.25 1 0
github.com/go-sql-driver/mysql/statement.go:197.20,198.24 1 0
github.com/go-sql-driver/mysql/statement.go:199.21,200.26 1 0
github.com/go-sql-driver/mysql/statement.go:201.22,202.17 1 0
github.com/go-sql-driver/mysql/statement.go:203.41,204.26 1 0
github.com/go-sql-driver/mysql/statement.go:205.11,206.84 1 0
github.com/go-sql-driver/mysql/statement.go:208.22,209.26 1 0
github.com/go-sql-driver/mysql/statement.go:211.2,211.67 1 0
github.com/go-sql-driver/mysql/statement.go:227.68,230.50 1 0
github.com/go-sql-driver/mysql/statement.go:230.50,232.3 1 0
github.com/go-sql-driver/mysql/statement.go:233.2,233.19 1 0
github.com/go-sql-driver/mysql/transaction.go:15.41,16.18 1 0
github.com/go-sql-driver/mysql/transaction.go:16.18,18.3 1 0
github.com/go-sql-driver/mysql/transaction.go:19.2,19.25 1 0
github.com/go-sql-driver/mysql/transaction.go:19.25,21.17 2 0
github.com/go-sql-driver/mysql/transaction.go:21.17,23.4 1 0
github.com/go-sql-driver/mysql/transaction.go:24.3,24.9 1 0
github.com/go-sql-driver/mysql/transaction.go:26.2,28.8 3 0
github.com/go-sql-driver/mysql/transaction.go:31.43,32.18 1 0
github.com/go-sql-driver/mysql/transaction.go:32.18,34.3 1 0
github.com/go-sql-driver/mysql/transaction.go:35.2,35.25 1 0
github.com/go-sql-driver/mysql/transaction.go:35.25,37.17 2 0
github.com/go-sql-driver/mysql/transaction.go:37.17,39.4 1 0
github.com/go-sql-driver/mysql/transaction.go:40.3,40.9 1 0
github.com/go-sql-driver/mysql/transaction.go:42.2,44.8 3 0
github.com/go-sql-driver/mysql/utils.go:57.62,58.120 1 0
github.com/go-sql-driver/mysql/utils.go:58.120,60.3 1 0
github.com/go-sql-driver/mysql/utils.go:62.2,63.30 2 0
github.com/go-sql-driver/mysql/utils.go:63.30,65.3 1 0
github.com/go-sql-driver/mysql/utils.go:67.2,69.12 3 0
github.com/go-sql-driver/mysql/utils.go:73.38,75.30 2 0
github.com/go-sql-driver/mysql/utils.go:75.30,77.3 1 0
github.com/go-sql-driver/mysql/utils.go:78.2,78.24 1 0
github.com/go-sql-driver/mysql/utils.go:81.57,83.41 2 0
github.com/go-sql-driver/mysql/utils.go:83.41,85.3 1 0
github.com/go-sql-driver/mysql/utils.go:86.2,87.8 2 0
github.com/go-sql-driver/mysql/utils.go:92.54,93.15 1 0
github.com/go-sql-driver/mysql/utils.go:94.35,95.20 1 0
github.com/go-sql-driver/mysql/utils.go:96.38,97.21 1 0
github.com/go-sql-driver/mysql/utils.go:101.2,101.8 1 0
github.com/go-sql-driver/mysql/utils.go:108.69,110.16 2 0
github.com/go-sql-driver/mysql/utils.go:111.38,112.33 1 0
github.com/go-sql-driver/mysql/utils.go:112.33,114.4 1 0
github.com/go-sql-driver/mysql/utils.go:116.3,117.17 2 0
github.com/go-sql-driver/mysql/utils.go:117.17,119.4 1 0
github.com/go-sql-driver/mysql/utils.go:120.3,120.18 1 0
github.com/go-sql-driver/mysql/utils.go:120.18,122.4 1 0
github.com/go-sql-driver/mysql/utils.go:124.3,125.17 2 0
github.com/go-sql-driver/mysql/utils.go:125.17,127.4 1 0
github.com/go-sql-driver/mysql/utils.go:128.3,130.18 2 0
github.com/go-sql-driver/mysql/utils.go:130.18,132.4 1 0
github.com/go-sql-driver/mysql/utils.go:134.3,135.17 2 0
github.com/go-sql-driver/mysql/utils.go:135.17,137.4 1 0
github.com/go-sql-driver/mysql/utils.go:138.3,138.19 1 0
github.com/go-sql-driver/mysql/utils.go:138.19,140.4 1 0
github.com/go-sql-driver/mysql/utils.go:142.3,142.19 1 0
github.com/go-sql-driver/mysql/utils.go:142.19,144.4 1 0
github.com/go-sql-driver/mysql/utils.go:146.3,147.17 2 0
github.com/go-sql-driver/mysql/utils.go:147.17,149.4 1 0
github.com/go-sql-driver/mysql/utils.go:150.3,150.19 1 0
github.com/go-sql-driver/mysql/utils.go:150.19,152.4 1 0
github.com/go-sql-driver/mysql/utils.go:154.3,155.17 2 0
github.com/go-sql-driver/mysql/utils.go:155.17,157.4 1 0
github.com/go-sql-driver/mysql/utils.go:158.3,158.19 1 0
github.com/go-sql-driver/mysql/utils.go:158.19,160.4 1 0
github.com/go-sql-driver/mysql/utils.go:162.3,163.17 2 0
github.com/go-sql-driver/mysql/utils.go:163.17,165.4 1 0
github.com/go-sql-driver/mysql/utils.go:166.3,166.19 1 0
github.com/go-sql-driver/mysql/utils.go:166.19,168.4 1 0
github.com/go-sql-driver/mysql/utils.go:170.3,170.19 1 0
github.com/go-sql-driver/mysql/utils.go:170.19,172.4 1 0
github.com/go-sql-driver/mysql/utils.go:173.3,174.17 2 0
github.com/go-sql-driver/mysql/utils.go:174.17,176.4 1 0
github.com/go-sql-driver/mysql/utils.go:177.3,177.69 1 0
github.com/go-sql-driver/mysql/utils.go:178.10,179.62 1 0
github.com/go-sql-driver/mysql/utils.go:183.43,185.19 2 0
github.com/go-sql-driver/mysql/utils.go:185.19,187.17 2 0
github.com/go-sql-driver/mysql/utils.go:187.17,189.4 1 0
github.com/go-sql-driver/mysql/utils.go:190.3,191.10 2 0
github.com/go-sql-driver/mysql/utils.go:193.2,193.18 1 0
github.com/go-sql-driver/mysql/utils.go:196.49,198.16 2 0
github.com/go-sql-driver/mysql/utils.go:198.16,200.3 1 0
github.com/go-sql-driver/mysql/utils.go:201.2,202.16 2 0
github.com/go-sql-driver/mysql/utils.go:202.16,204.3 1 0
github.com/go-sql-driver/mysql/utils.go:205.2,205.24 1 0
github.com/go-sql-driver/mysql/utils.go:208.46,210.19 2 0
github.com/go-sql-driver/mysql/utils.go:210.19,212.17 2 0
github.com/go-sql-driver/mysql/utils.go:212.17,214.4 1 0
github.com/go-sql-driver/mysql/utils.go:215.3,216.14 2 0
github.com/go-sql-driver/mysql/utils.go:220.2,220.23 1 0
github.com/go-sql-driver/mysql/utils.go:223.32,224.24 1 0
github.com/go-sql-driver/mysql/utils.go:224.24,226.3 1 0
github.com/go-sql-driver/mysql/utils.go:227.2,227.26 1 0
github.com/go-sql-driver/mysql/utils.go:230.93,231.13 1 0
github.com/go-sql-driver/mysql/utils.go:232.9,233.26 1 0
github.com/go-sql-driver/mysql/utils.go:234.9,241.9 1 0
github.com/go-sql-driver/mysql/utils.go:242.9,252.9 1 0
github.com/go-sql-driver/mysql/utils.go:253.10,263.9 1 0
github.com/go-sql-driver/mysql/utils.go:265.2,265.66 1 0
github.com/go-sql-driver/mysql/utils.go:268.90,269.22 1 0
github.com/go-sql-driver/mysql/utils.go:269.22,271.3 1 0
github.com/go-sql-driver/mysql/utils.go:273.2,277.29 4 0
github.com/go-sql-driver/mysql/utils.go:277.29,279.3 1 0
github.com/go-sql-driver/mysql/utils.go:280.2,290.52 9 0
github.com/go-sql-driver/mysql/utils.go:290.52,292.3 1 0
github.com/go-sql-driver/mysql/utils.go:294.2,301.15 7 0
github.com/go-sql-driver/mysql/utils.go:301.15,303.3 1 0
github.com/go-sql-driver/mysql/utils.go:304.2,323.36 11 0
github.com/go-sql-driver/mysql/utils.go:323.36,325.3 1 0
github.com/go-sql-driver/mysql/utils.go:327.2,327.42 1 0
github.com/go-sql-driver/mysql/utils.go:339.60,340.19 1 0
github.com/go-sql-driver/mysql/utils.go:340.19,342.3 1 0
github.com/go-sql-driver/mysql/utils.go:343.2,343.19 1 0
github.com/go-sql-driver/mysql/utils.go:343.19,345.3 1 0
github.com/go-sql-driver/mysql/utils.go:347.2,354.18 7 0
github.com/go-sql-driver/mysql/utils.go:355.10,360.4 1 0
github.com/go-sql-driver/mysql/utils.go:361.9,364.4 1 0
github.com/go-sql-driver/mysql/utils.go:365.9,368.4 1 0
github.com/go-sql-driver/mysql/utils.go:369.9,373.4 1 0
github.com/go-sql-driver/mysql/utils.go:374.9,378.4 1 0
github.com/go-sql-driver/mysql/utils.go:379.9,384.4 1 0
github.com/go-sql-driver/mysql/utils.go:388.75,391.19 1 0
github.com/go-sql-driver/mysql/utils.go:391.19,393.3 1 0
github.com/go-sql-driver/mysql/utils.go:394.2,397.16 3 0
github.com/go-sql-driver/mysql/utils.go:398.38,398.38 0 0
github.com/go-sql-driver/mysql/utils.go:399.10,401.18 2 0
github.com/go-sql-driver/mysql/utils.go:401.18,403.4 1 0
github.com/go-sql-driver/mysql/utils.go:404.3,404.60 1 0
github.com/go-sql-driver/mysql/utils.go:406.2,406.18 1 0
github.com/go-sql-driver/mysql/utils.go:407.16,407.16 0 0
github.com/go-sql-driver/mysql/utils.go:408.10,410.18 2 0
github.com/go-sql-driver/mysql/utils.go:410.18,412.4 1 0
github.com/go-sql-driver/mysql/utils.go:413.3,413.69 1 0
github.com/go-sql-driver/mysql/utils.go:415.2,427.18 7 0
github.com/go-sql-driver/mysql/utils.go:427.18,429.3 1 0
github.com/go-sql-driver/mysql/utils.go:430.2,430.19 1 0
github.com/go-sql-driver/mysql/utils.go:430.19,432.3 1 0
github.com/go-sql-driver/mysql/utils.go:433.2,444.59 6 0
github.com/go-sql-driver/mysql/utils.go:447.71,450.19 1 0
github.com/go-sql-driver/mysql/utils.go:450.19,452.3 1 0
github.com/go-sql-driver/mysql/utils.go:453.2,455.16 2 0
github.com/go-sql-driver/mysql/utils.go:458.26,458.26 0 0
github.com/go-sql-driver/mysql/utils.go:459.10,460.59 1 0
github.com/go-sql-driver/mysql/utils.go:462.2,462.18 1 0
github.com/go-sql-driver/mysql/utils.go:463.13,463.13 0 0
github.com/go-sql-driver/mysql/utils.go:464.10,465.68 1 0
github.com/go-sql-driver/mysql/utils.go:468.2,469.17 2 0
github.com/go-sql-driver/mysql/utils.go:469.17,471.3 1 0
github.com/go-sql-driver/mysql/utils.go:472.2,475.18 3 0
github.com/go-sql-driver/mysql/utils.go:475.18,477.3 1 0
github.com/go-sql-driver/mysql/utils.go:477.8,479.3 1 0
github.com/go-sql-driver/mysql/utils.go:481.2,486.58 3 0
github.com/go-sql-driver/mysql/utils.go:495.36,499.2 3 0
github.com/go-sql-driver/mysql/utils.go:501.33,503.2 1 0
github.com/go-sql-driver/mysql/utils.go:505.38,514.14 4 0
github.com/go-sql-driver/mysql/utils.go:514.14,519.3 4 0
github.com/go-sql-driver/mysql/utils.go:521.2,524.14 3 0
github.com/go-sql-driver/mysql/utils.go:530.67,533.13 2 0
github.com/go-sql-driver/mysql/utils.go:533.13,535.3 1 0
github.com/go-sql-driver/mysql/utils.go:537.2,540.17 2 0
github.com/go-sql-driver/mysql/utils.go:540.17,542.3 1 0
github.com/go-sql-driver/mysql/utils.go:543.2,543.30 1 0
github.com/go-sql-driver/mysql/utils.go:548.53,551.13 2 0
github.com/go-sql-driver/mysql/utils.go:551.13,553.3 1 0
github.com/go-sql-driver/mysql/utils.go:555.2,558.17 2 0
github.com/go-sql-driver/mysql/utils.go:558.17,560.3 1 0
github.com/go-sql-driver/mysql/utils.go:561.2,561.18 1 0
github.com/go-sql-driver/mysql/utils.go:565.61,567.17 1 0
github.com/go-sql-driver/mysql/utils.go:567.17,569.3 1 0
github.com/go-sql-driver/mysql/utils.go:571.2,571.14 1 0
github.com/go-sql-driver/mysql/utils.go:573.12,574.20 1 0
github.com/go-sql-driver/mysql/utils.go:577.12,578.61 1 0
github.com/go-sql-driver/mysql/utils.go:581.12,582.44 1 0
github.com/go-sql-driver/mysql/utils.go:585.12,586.61 1 0
github.com/go-sql-driver/mysql/utils.go:590.2,590.31 1 0
github.com/go-sql-driver/mysql/utils.go:594.60,595.9 1 0
github.com/go-sql-driver/mysql/utils.go:596.16,597.28 1 0
github.com/go-sql-driver/mysql/utils.go:599.19,601.56 2 0
github.com/go-sql-driver/mysql/utils.go:603.21,604.59 1 0
github.com/go-sql-driver/mysql/utils.go:606.2,607.47 2 0
github.com/go-sql-driver/mysql/utils.go:610.59,613.2 2 0
github.com/go-sql-driver/mysql/utils.go:617.55,619.24 2 0
github.com/go-sql-driver/mysql/utils.go:619.24,624.3 3 0
github.com/go-sql-driver/mysql/utils.go:625.2,625.22 1 0
github.com/go-sql-driver/mysql/utils.go:633.49,637.22 3 0
github.com/go-sql-driver/mysql/utils.go:637.22,638.12 1 0
github.com/go-sql-driver/mysql/utils.go:639.15,642.12 3 0
github.com/go-sql-driver/mysql/utils.go:643.13,646.12 3 0
github.com/go-sql-driver/mysql/utils.go:647.13,650.12 3 0
github.com/go-sql-driver/mysql/utils.go:651.15,654.12 3 0
github.com/go-sql-driver/mysql/utils.go:655.13,658.12 3 0
github.com/go-sql-driver/mysql/utils.go:659.12,662.12 3 0
github.com/go-sql-driver/mysql/utils.go:663.13,666.12 3 0
github.com/go-sql-driver/mysql/utils.go:667.11,669.9 2 0
github.com/go-sql-driver/mysql/utils.go:673.2,673.18 1 0
github.com/go-sql-driver/mysql/utils.go:677.57,681.24 3 0
github.com/go-sql-driver/mysql/utils.go:681.24,683.12 2 0
github.com/go-sql-driver/mysql/utils.go:684.15,687.12 3 0
github.com/go-sql-driver/mysql/utils.go:688.13,691.12 3 0
github.com/go-sql-driver/mysql/utils.go:692.13,695.12 3 0
github.com/go-sql-driver/mysql/utils.go:696.15,699.12 3 0
github.com/go-sql-driver/mysql/utils.go:700.13,703.12 3 0
github.com/go-sql-driver/mysql/utils.go:704.12,707.12 3 0
github.com/go-sql-driver/mysql/utils.go:708.13,711.12 3 0
github.com/go-sql-driver/mysql/utils.go:712.11,714.9 2 0
github.com/go-sql-driver/mysql/utils.go:718.2,718.18 1 0
github.com/go-sql-driver/mysql/utils.go:726.46,730.22 3 0
github.com/go-sql-driver/mysql/utils.go:730.22,731.16 1 0
github.com/go-sql-driver/mysql/utils.go:731.16,735.4 3 0
github.com/go-sql-driver/mysql/utils.go:735.9,738.4 2 0
github.com/go-sql-driver/mysql/utils.go:741.2,741.18 1 0
github.com/go-sql-driver/mysql/utils.go:745.54,749.24 3 0
github.com/go-sql-driver/mysql/utils.go:749.24,751.16 2 0
github.com/go-sql-driver/mysql/utils.go:751.16,755.4 3 0
github.com/go-sql-driver/mysql/utils.go:755.9,758.4 2 0
github.com/go-sql-driver/mysql/utils.go:761.2,761.18 1 0
github.com/go-sql-driver/mysql/utils.go:776.24,776.25 0 0
github.com/go-sql-driver/mysql/utils.go:782.26,782.27 0 0
github.com/go-sql-driver/mysql/utils.go:792.41,794.2 1 0
github.com/go-sql-driver/mysql/utils.go:797.38,798.36 1 0
github.com/go-sql-driver/mysql/utils.go:798.36,801.3 1 0
github.com/go-sql-driver/mysql/utils.go:802.2,802.12 1 0
github.com/go-sql-driver/mysql/utils.go:805.75,807.30 2 0
github.com/go-sql-driver/mysql/utils.go:807.30,808.26 1 0
github.com/go-sql-driver/mysql/utils.go:808.26,811.4 1 0
github.com/go-sql-driver/mysql/utils.go:812.3,812.25 1 0
github.com/go-sql-driver/mysql/utils.go:814.2,814.19 1 0
github.com/go-sql-driver/mysql/utils.go:817.69,818.35 1 0
github.com/go-sql-driver/mysql/utils.go:819.31,820.32 1 0
github.com/go-sql-driver/mysql/utils.go:821.30,822.31 1 0
github.com/go-sql-driver/mysql/utils.go:823.32,824.33 1 0
github.com/go-sql-driver/mysql/utils.go:825.29,826.29 1 0
github.com/go-sql-driver/mysql/utils.go:827.10,828.73 1 0
